Depth  Name                                                   #Inst  Area (um^2) 
---------------------------------------------------------------------------------
0      edge_detection_top_pads                                115335 3077836.3712
1      dut                                                    115261 1600917.6512
2      dut/iVidGen                                            364    7237.5744   
2      dut/iSobel                                             1104   16525.4656  
2      dut/iBMCC                                              113691 1575929.6896
3      dut/iSobel/add_0_root_add_0_root_add_104_2             50     731.0016    
3      dut/iSobel/sub_64_S2                                   63     902.2272    
3      dut/iBMCC/sub_221                                      27     333.6704    
3      dut/iSobel/add_1_root_add_0_root_add_99_2              50     731.0016    
3      dut/iSobel/sub_65                                      63     902.2272    
3      dut/iVidGen/add_133                                    27     443.4304    
3      dut/iSobel/add_0_root_add_0_root_add_89_2              50     731.0016    
3      dut/iBMCC/iGrayscale                                   218    3558.4192   
3      dut/iSobel/add_69                                      42     564.1664    
3      dut/iSobel/add_1_root_add_0_root_add_104_2             50     731.0016    
3      dut/iBMCC/iGrayscaledFrameBufferMatrix3                112965 1562435.7952
3      dut/iSobel/add_0_root_add_0_root_add_94_2              50     731.0016    
3      dut/iSobel/sub_66_S2                                   63     902.2272    
3      dut/iVidGen/add_129                                    27     443.4304    
3      dut/iSobel/add_1_root_add_0_root_add_89_2              50     731.0016    
3      dut/iSobel/add_0_root_add_0_root_add_99_2              50     731.0016    
3      dut/iSobel/add_1_root_add_0_root_add_94_2              50     731.0016    
3      dut/iSobel/sub_67                                      63     902.2272    
4      dut/iBMCC/iGrayscaledFrameBufferMatrix3/sub_73         26     316.1088    
4      dut/iBMCC/iGrayscale/add_1_root_add_1_root_add_76_9    28     417.088     
4      dut/iBMCC/iGrayscale/add_3_root_add_1_root_add_76_9    42     625.632     
4      dut/iBMCC/iGrayscale/add_0_root_add_1_root_add_76_9    43     649.7792    
4      dut/iBMCC/iGrayscale/add_8_root_add_76_9               27     412.6976    
