Depth  Name                                                   #Inst  Area (um^2) 
---------------------------------------------------------------------------------
0      edge_detection_top_pads                                250269 4848565.9136
1      dut                                                    250190 3371592.3136
2      dut/iVidGen                                            387    7481.2416   
2      dut/iSobel                                             1115   16644.0064  
2      dut/iBMCC                                              248576 3346204.8256
3      dut/iSobel/add_1_root_add_0_root_add_129_2             50     731.0016    
3      dut/iSobel/sub_67                                      63     902.2272    
3      dut/iVidGen/add_135                                    27     443.4304    
3      dut/iSobel/add_0_root_add_0_root_add_109_2             50     731.0016    
3      dut/iBMCC/iGrayscale                                   217    3547.4432   
3      dut/iSobel/add_71                                      42     564.1664    
3      dut/iSobel/add_1_root_add_0_root_add_142_2             50     731.0016    
3      dut/iBMCC/iGrayscaledFrameBufferMatrix3                247736 3330399.3856
3      dut/iSobel/add_0_root_add_0_root_add_119_2             50     731.0016    
3      dut/iSobel/sub_68_S2                                   63     902.2272    
3      dut/iVidGen/add_131                                    27     443.4304    
3      dut/iSobel/add_1_root_add_0_root_add_109_2             50     731.0016    
3      dut/iSobel/add_0_root_add_0_root_add_129_2             50     731.0016    
3      dut/iSobel/add_1_root_add_0_root_add_119_2             50     731.0016    
3      dut/iSobel/sub_69                                      63     902.2272    
3      dut/iSobel/add_0_root_add_0_root_add_142_2             50     731.0016    
3      dut/iSobel/sub_66_S2                                   63     902.2272    
3      dut/iBMCC/sub_217                                      27     333.6704    
4      dut/iBMCC/iGrayscale/add_1_root_add_1_root_add_76_9    28     417.088     
4      dut/iBMCC/iGrayscale/add_3_root_add_1_root_add_76_9    42     625.632     
4      dut/iBMCC/iGrayscale/add_0_root_add_1_root_add_76_9    43     649.7792    
4      dut/iBMCC/iGrayscale/add_8_root_add_76_9               27     412.6976    
4      dut/iBMCC/iGrayscaledFrameBufferMatrix3/sub_72         46     518.0672    
