*** Statistics for net list edge_detection_top_pads ***
Number of cells      = 198433
Number of nets       = 115974
Number of tri-nets   = 0
Number of degen nets = 29
Number of pins       = 348360
Number of i/os       = 58

Number of nets with    1 terms = 29 (0.0%)
Number of nets with    2 terms = 89325 (77.0%)
Number of nets with    3 terms = 8554 (7.4%)
Number of nets with    4 terms = 2385 (2.1%)
Number of nets with    5 terms = 7243 (6.2%)
Number of nets with    6 terms = 4517 (3.9%)
Number of nets with    7 terms = 503 (0.4%)
Number of nets with    8 terms = 604 (0.5%)
Number of nets with    9 terms = 744 (0.6%)
Number of nets with >=10 terms = 2070 (1.8%)

*** 35 Primitives used:
Primitive pad_in (30 insts)
Primitive pad_out (16 insts)
Primitive pad_vdd (1 insts)
Primitive pad_gnd (1 insts)
Primitive pad_corner (4 insts)
Primitive pad_fill_8 (33 insts)
Primitive XOR2X1 (322 insts)
Primitive TIE1 (1 insts)
Primitive TIE0 (5 insts)
Primitive OR2X1 (158 insts)
Primitive NOR2X1 (18067 insts)
Primitive NAND3X1 (10665 insts)
Primitive NAND2X1 (63711 insts)
Primitive MUX2X1 (7 insts)
Primitive pad_fill_005 (296 insts)
Primitive pad_fill_1 (38 insts)
Primitive pad_fill_01 (86 insts)
Primitive pad_fill_4 (33 insts)
Primitive pad_fill_32 (16 insts)
Primitive pad_fill_2 (25 insts)
Primitive pad_fill_16 (38 insts)
Primitive INVX4 (10 insts)
Primitive INVX2 (6473 insts)
Primitive INVX1 (119 insts)
Primitive FILL8 (5203 insts)
Primitive FILL4 (17271 insts)
Primitive FILL32 (235 insts)
Primitive FILL2 (26906 insts)
Primitive FILL16 (742 insts)
Primitive FILL1 (32235 insts)
Primitive DFFQX1 (7262 insts)
Primitive DFFQQBX1 (682 insts)
Primitive DFFQBX1 (2 insts)
Primitive BUFX1 (2153 insts)
Primitive AND2X1 (5587 insts)
************
