Warning: Design 'edge_detection_top' has '1' unresolved references. For more detailed information, use the "link" command. (UID-341)
Information: Updating design information... (UID-85)
 
****************************************
Report : constraint
        -all_violators
Design : edge_detection_top
Version: K-2015.06-SP5-6
Date   : Mon Nov 30 16:09:32 2020
****************************************


   min_capacitance

                             Required        Actual
   Net                      Capacitance    Capacitance       Slack
   -----------------------------------------------------------------
   pix_vsync_dly                0.00           0.00           0.00  (VIOLATED: increase significant digits)
   iColorspaceConverter/current_column[13]     0.00     0.00     0.00 (VIOLATED: increase significant digits)
   iColorspaceConverter/current_column[20]     0.00     0.00     0.00 (VIOLATED: increase significant digits)
   iColorspaceConverter/current_column[27]     0.00     0.00     0.00 (VIOLATED: increase significant digits)
   iColorspaceConverter/n35     0.00           0.00           0.00  (VIOLATED: increase significant digits)
   iColorspaceConverter/n50     0.00           0.00           0.00  (VIOLATED: increase significant digits)
   iColorspaceConverter/n65     0.00           0.00           0.00  (VIOLATED: increase significant digits)
   iColorspaceConverter/n189     0.00          0.00           0.00  (VIOLATED: increase significant digits)
   iColorspaceConverter/n229     0.00          0.00           0.00  (VIOLATED: increase significant digits)
   iColorspaceConverter/n228     0.00          0.00           0.00  (VIOLATED: increase significant digits)
   iColorspaceConverter/n8      0.00           0.00           0.00  (VIOLATED: increase significant digits)
   iColorspaceConverter/n12     0.00           0.00           0.00  (VIOLATED: increase significant digits)
   iColorspaceConverter/n14     0.00           0.00           0.00  (VIOLATED: increase significant digits)
   iColorspaceConverter/n16     0.00           0.00           0.00  (VIOLATED: increase significant digits)
   iColorspaceConverter/n18     0.00           0.00           0.00  (VIOLATED: increase significant digits)
   iColorspaceConverter/n20     0.00           0.00           0.00  (VIOLATED: increase significant digits)
   iColorspaceConverter/n24     0.00           0.00           0.00  (VIOLATED: increase significant digits)
   iColorspaceConverter/n26     0.00           0.00           0.00  (VIOLATED: increase significant digits)
   iColorspaceConverter/n28     0.00           0.00           0.00  (VIOLATED: increase significant digits)
   iColorspaceConverter/n30     0.00           0.00           0.00  (VIOLATED: increase significant digits)
   iColorspaceConverter/n32     0.00           0.00           0.00  (VIOLATED: increase significant digits)
   iColorspaceConverter/n34     0.00           0.00           0.00  (VIOLATED: increase significant digits)
   iColorspaceConverter/n39     0.00           0.00           0.00  (VIOLATED: increase significant digits)
   iColorspaceConverter/n41     0.00           0.00           0.00  (VIOLATED: increase significant digits)
   iColorspaceConverter/n43     0.00           0.00           0.00  (VIOLATED: increase significant digits)
   iColorspaceConverter/n45     0.00           0.00           0.00  (VIOLATED: increase significant digits)
   iColorspaceConverter/n47     0.00           0.00           0.00  (VIOLATED: increase significant digits)
   iColorspaceConverter/n49     0.00           0.00           0.00  (VIOLATED: increase significant digits)
   iColorspaceConverter/n54     0.00           0.00           0.00  (VIOLATED: increase significant digits)
   iColorspaceConverter/n56     0.00           0.00           0.00  (VIOLATED: increase significant digits)
   iColorspaceConverter/n58     0.00           0.00           0.00  (VIOLATED: increase significant digits)
   iColorspaceConverter/n60     0.00           0.00           0.00  (VIOLATED: increase significant digits)
   iColorspaceConverter/n62     0.00           0.00           0.00  (VIOLATED: increase significant digits)
   iColorspaceConverter/n64     0.00           0.00           0.00  (VIOLATED: increase significant digits)
   iColorspaceConverter/n69     0.00           0.00           0.00  (VIOLATED: increase significant digits)
   iColorspaceConverter/n71     0.00           0.00           0.00  (VIOLATED: increase significant digits)
   iColorspaceConverter/n73     0.00           0.00           0.00  (VIOLATED: increase significant digits)
   iColorspaceConverter/n75     0.00           0.00           0.00  (VIOLATED: increase significant digits)
   iColorspaceConverter/n102     0.00          0.00           0.00  (VIOLATED: increase significant digits)
   iColorspaceConverter/n105     0.00          0.00           0.00  (VIOLATED: increase significant digits)
   iColorspaceConverter/n107     0.00          0.00           0.00  (VIOLATED: increase significant digits)
   iColorspaceConverter/n109     0.00          0.00           0.00  (VIOLATED: increase significant digits)
   iColorspaceConverter/n111     0.00          0.00           0.00  (VIOLATED: increase significant digits)
   iColorspaceConverter/n113     0.00          0.00           0.00  (VIOLATED: increase significant digits)
   iColorspaceConverter/n115     0.00          0.00           0.00  (VIOLATED: increase significant digits)
   iColorspaceConverter/n117     0.00          0.00           0.00  (VIOLATED: increase significant digits)
   iColorspaceConverter/n119     0.00          0.00           0.00  (VIOLATED: increase significant digits)
   iColorspaceConverter/n230     0.00          0.00           0.00  (VIOLATED: increase significant digits)
   iColorspaceConverter/n232     0.00          0.00           0.00  (VIOLATED: increase significant digits)
   iColorspaceConverter/n233     0.00          0.00           0.00  (VIOLATED: increase significant digits)
   iColorspaceConverter/n235     0.00          0.00           0.00  (VIOLATED: increase significant digits)
   iColorspaceConverter/n248     0.00          0.00           0.00  (VIOLATED: increase significant digits)
   iColorspaceConverter/n250     0.00          0.00           0.00  (VIOLATED: increase significant digits)
   iColorspaceConverter/n252     0.00          0.00           0.00  (VIOLATED: increase significant digits)
   iColorspaceConverter/n254     0.00          0.00           0.00  (VIOLATED: increase significant digits)
   iColorspaceConverter/n256     0.00          0.00           0.00  (VIOLATED: increase significant digits)
   iColorspaceConverter/n258     0.00          0.00           0.00  (VIOLATED: increase significant digits)
   iColorspaceConverter/n260     0.00          0.00           0.00  (VIOLATED: increase significant digits)
   iColorspaceConverter/n262     0.00          0.00           0.00  (VIOLATED: increase significant digits)
   iColorspaceConverter/n264     0.00          0.00           0.00  (VIOLATED: increase significant digits)
   iColorspaceConverter/n266     0.00          0.00           0.00  (VIOLATED: increase significant digits)
   iColorspaceConverter/n268     0.00          0.00           0.00  (VIOLATED: increase significant digits)
   iColorspaceConverter/n302     0.00          0.00           0.00  (VIOLATED: increase significant digits)
   iColorspaceConverter/n304     0.00          0.00           0.00  (VIOLATED: increase significant digits)
   iColorspaceConverter/n309     0.00          0.00           0.00  (VIOLATED: increase significant digits)
   iColorspaceConverter/n310     0.00          0.00           0.00  (VIOLATED: increase significant digits)
   iColorspaceConverter/n361     0.00          0.00           0.00  (VIOLATED: increase significant digits)
   iColorspaceConverter/n362     0.00          0.00           0.00  (VIOLATED: increase significant digits)
   iColorspaceConverter/n364     0.00          0.00           0.00  (VIOLATED: increase significant digits)
   iColorspaceConverter/n194     0.00          0.00           0.00  (VIOLATED: increase significant digits)
   iColorspaceConverter/n273     0.00          0.00           0.00  (VIOLATED: increase significant digits)
   iColorspaceConverter/n335     0.00          0.00           0.00  (VIOLATED: increase significant digits)
   iColorspaceConverter/n193     0.00          0.00           0.00  (VIOLATED: increase significant digits)
   iColorspaceConverter/n272     0.00          0.00           0.00  (VIOLATED: increase significant digits)
   iColorspaceConverter/n334     0.00          0.00           0.00  (VIOLATED: increase significant digits)
   colorspace_converter_pixel_col[0]     0.00     0.00        0.00  (VIOLATED: increase significant digits)
   colorspace_converter_pixel_col[1]     0.00     0.00        0.00  (VIOLATED: increase significant digits)
   colorspace_converter_pixel_col[2]     0.00     0.00        0.00  (VIOLATED: increase significant digits)
   colorspace_converter_pixel_col[3]     0.00     0.00        0.00  (VIOLATED: increase significant digits)
   colorspace_converter_pixel_col[4]     0.00     0.00        0.00  (VIOLATED: increase significant digits)
   colorspace_converter_pixel_col[5]     0.00     0.00        0.00  (VIOLATED: increase significant digits)
   colorspace_converter_pixel_col[6]     0.00     0.00        0.00  (VIOLATED: increase significant digits)
   colorspace_converter_pixel_col[7]     0.00     0.00        0.00  (VIOLATED: increase significant digits)
   colorspace_converter_pixel_col[8]     0.00     0.00        0.00  (VIOLATED: increase significant digits)
   colorspace_converter_pixel_col[9]     0.00     0.00        0.00  (VIOLATED: increase significant digits)
   colorspace_converter_pixel_row[0]     0.00     0.00        0.00  (VIOLATED: increase significant digits)
   colorspace_converter_pixel_row[1]     0.00     0.00        0.00  (VIOLATED: increase significant digits)
   colorspace_converter_pixel_row[2]     0.00     0.00        0.00  (VIOLATED: increase significant digits)
   colorspace_converter_pixel_row[3]     0.00     0.00        0.00  (VIOLATED: increase significant digits)
   colorspace_converter_pixel_row[4]     0.00     0.00        0.00  (VIOLATED: increase significant digits)
   colorspace_converter_pixel_row[5]     0.00     0.00        0.00  (VIOLATED: increase significant digits)
   colorspace_converter_pixel_row[6]     0.00     0.00        0.00  (VIOLATED: increase significant digits)
   colorspace_converter_pixel_row[7]     0.00     0.00        0.00  (VIOLATED: increase significant digits)
   colorspace_converter_pixel_row[8]     0.00     0.00        0.00  (VIOLATED: increase significant digits)
   colorspace_converter_pixel_write_enable     0.00     0.00     0.00 (VIOLATED: increase significant digits)
   iColorspaceConverter/N179     0.00          0.00           0.00  (VIOLATED: increase significant digits)
   iColorspaceConverter/N180     0.00          0.00           0.00  (VIOLATED: increase significant digits)
   iColorspaceConverter/N181     0.00          0.00           0.00  (VIOLATED: increase significant digits)
   iColorspaceConverter/N182     0.00          0.00           0.00  (VIOLATED: increase significant digits)
   iColorspaceConverter/N183     0.00          0.00           0.00  (VIOLATED: increase significant digits)
   iColorspaceConverter/N184     0.00          0.00           0.00  (VIOLATED: increase significant digits)
   iColorspaceConverter/N185     0.00          0.00           0.00  (VIOLATED: increase significant digits)
   iColorspaceConverter/N186     0.00          0.00           0.00  (VIOLATED: increase significant digits)
   iColorspaceConverter/N187     0.00          0.00           0.00  (VIOLATED: increase significant digits)
   iColorspaceConverter/N188     0.00          0.00           0.00  (VIOLATED: increase significant digits)
   iColorspaceConverter/N189     0.00          0.00           0.00  (VIOLATED: increase significant digits)
   iColorspaceConverter/N190     0.00          0.00           0.00  (VIOLATED: increase significant digits)
   iColorspaceConverter/N191     0.00          0.00           0.00  (VIOLATED: increase significant digits)
   iColorspaceConverter/N192     0.00          0.00           0.00  (VIOLATED: increase significant digits)
   iColorspaceConverter/N193     0.00          0.00           0.00  (VIOLATED: increase significant digits)
   iColorspaceConverter/N194     0.00          0.00           0.00  (VIOLATED: increase significant digits)
   iColorspaceConverter/N195     0.00          0.00           0.00  (VIOLATED: increase significant digits)
   iColorspaceConverter/N196     0.00          0.00           0.00  (VIOLATED: increase significant digits)
   iColorspaceConverter/N197     0.00          0.00           0.00  (VIOLATED: increase significant digits)
   iColorspaceConverter/N198     0.00          0.00           0.00  (VIOLATED: increase significant digits)
   iColorspaceConverter/N199     0.00          0.00           0.00  (VIOLATED: increase significant digits)
   iColorspaceConverter/N200     0.00          0.00           0.00  (VIOLATED: increase significant digits)
   iColorspaceConverter/N201     0.00          0.00           0.00  (VIOLATED: increase significant digits)
   iColorspaceConverter/N202     0.00          0.00           0.00  (VIOLATED: increase significant digits)
   iColorspaceConverter/N203     0.00          0.00           0.00  (VIOLATED: increase significant digits)
   iColorspaceConverter/N204     0.00          0.00           0.00  (VIOLATED: increase significant digits)
   iColorspaceConverter/N205     0.00          0.00           0.00  (VIOLATED: increase significant digits)
   iColorspaceConverter/N206     0.00          0.00           0.00  (VIOLATED: increase significant digits)
   iColorspaceConverter/N207     0.00          0.00           0.00  (VIOLATED: increase significant digits)
   iColorspaceConverter/N208     0.00          0.00           0.00  (VIOLATED: increase significant digits)
   iColorspaceConverter/N209     0.00          0.00           0.00  (VIOLATED: increase significant digits)
   iColorspaceConverter/N210     0.00          0.00           0.00  (VIOLATED: increase significant digits)
   iColorspaceConverter/n7      0.00           0.00           0.00  (VIOLATED: increase significant digits)
   iColorspaceConverter/n11     0.00           0.00           0.00  (VIOLATED: increase significant digits)
   iColorspaceConverter/n13     0.00           0.00           0.00  (VIOLATED: increase significant digits)
   iColorspaceConverter/n15     0.00           0.00           0.00  (VIOLATED: increase significant digits)
   iColorspaceConverter/n17     0.00           0.00           0.00  (VIOLATED: increase significant digits)
   iColorspaceConverter/n19     0.00           0.00           0.00  (VIOLATED: increase significant digits)
   iColorspaceConverter/n23     0.00           0.00           0.00  (VIOLATED: increase significant digits)
   iColorspaceConverter/n25     0.00           0.00           0.00  (VIOLATED: increase significant digits)
   iColorspaceConverter/n27     0.00           0.00           0.00  (VIOLATED: increase significant digits)
   iColorspaceConverter/n29     0.00           0.00           0.00  (VIOLATED: increase significant digits)
   iColorspaceConverter/n31     0.00           0.00           0.00  (VIOLATED: increase significant digits)
   iColorspaceConverter/n33     0.00           0.00           0.00  (VIOLATED: increase significant digits)
   iColorspaceConverter/n38     0.00           0.00           0.00  (VIOLATED: increase significant digits)
   iColorspaceConverter/n40     0.00           0.00           0.00  (VIOLATED: increase significant digits)
   iColorspaceConverter/n42     0.00           0.00           0.00  (VIOLATED: increase significant digits)
   iColorspaceConverter/n44     0.00           0.00           0.00  (VIOLATED: increase significant digits)
   iColorspaceConverter/n46     0.00           0.00           0.00  (VIOLATED: increase significant digits)
   iColorspaceConverter/n48     0.00           0.00           0.00  (VIOLATED: increase significant digits)
   iColorspaceConverter/n53     0.00           0.00           0.00  (VIOLATED: increase significant digits)
   iColorspaceConverter/n55     0.00           0.00           0.00  (VIOLATED: increase significant digits)
   iColorspaceConverter/n57     0.00           0.00           0.00  (VIOLATED: increase significant digits)
   iColorspaceConverter/n59     0.00           0.00           0.00  (VIOLATED: increase significant digits)
   iColorspaceConverter/n61     0.00           0.00           0.00  (VIOLATED: increase significant digits)
   iColorspaceConverter/n63     0.00           0.00           0.00  (VIOLATED: increase significant digits)
   iColorspaceConverter/n68     0.00           0.00           0.00  (VIOLATED: increase significant digits)
   iColorspaceConverter/n70     0.00           0.00           0.00  (VIOLATED: increase significant digits)
   iColorspaceConverter/n72     0.00           0.00           0.00  (VIOLATED: increase significant digits)
   iColorspaceConverter/n74     0.00           0.00           0.00  (VIOLATED: increase significant digits)
   iColorspaceConverter/n101     0.00          0.00           0.00  (VIOLATED: increase significant digits)
   iColorspaceConverter/n104     0.00          0.00           0.00  (VIOLATED: increase significant digits)
   iColorspaceConverter/n106     0.00          0.00           0.00  (VIOLATED: increase significant digits)
   iColorspaceConverter/n108     0.00          0.00           0.00  (VIOLATED: increase significant digits)
   iColorspaceConverter/n110     0.00          0.00           0.00  (VIOLATED: increase significant digits)
   iColorspaceConverter/n112     0.00          0.00           0.00  (VIOLATED: increase significant digits)
   iColorspaceConverter/n114     0.00          0.00           0.00  (VIOLATED: increase significant digits)
   iColorspaceConverter/n116     0.00          0.00           0.00  (VIOLATED: increase significant digits)
   iColorspaceConverter/n118     0.00          0.00           0.00  (VIOLATED: increase significant digits)
   iColorspaceConverter/n231     0.00          0.00           0.00  (VIOLATED: increase significant digits)
   iColorspaceConverter/n234     0.00          0.00           0.00  (VIOLATED: increase significant digits)
   iColorspaceConverter/n247     0.00          0.00           0.00  (VIOLATED: increase significant digits)
   iColorspaceConverter/n249     0.00          0.00           0.00  (VIOLATED: increase significant digits)
   iColorspaceConverter/n251     0.00          0.00           0.00  (VIOLATED: increase significant digits)
   iColorspaceConverter/n253     0.00          0.00           0.00  (VIOLATED: increase significant digits)
   iColorspaceConverter/n255     0.00          0.00           0.00  (VIOLATED: increase significant digits)
   iColorspaceConverter/n257     0.00          0.00           0.00  (VIOLATED: increase significant digits)
   iColorspaceConverter/n259     0.00          0.00           0.00  (VIOLATED: increase significant digits)
   iColorspaceConverter/n261     0.00          0.00           0.00  (VIOLATED: increase significant digits)
   iColorspaceConverter/n263     0.00          0.00           0.00  (VIOLATED: increase significant digits)
   iColorspaceConverter/n265     0.00          0.00           0.00  (VIOLATED: increase significant digits)
   iColorspaceConverter/n360     0.00          0.00           0.00  (VIOLATED: increase significant digits)
   iColorspaceConverter/n363     0.00          0.00           0.00  (VIOLATED: increase significant digits)
   iColorspaceConverter/n195     0.00          0.00           0.00  (VIOLATED: increase significant digits)
   iColorspaceConverter/n203     0.00          0.00           0.00  (VIOLATED: increase significant digits)
   iColorspaceConverter/n212     0.00          0.00           0.00  (VIOLATED: increase significant digits)
   iColorspaceConverter/n220     0.00          0.00           0.00  (VIOLATED: increase significant digits)
   iColorspaceConverter/n221     0.00          0.00           0.00  (VIOLATED: increase significant digits)
   iColorspaceConverter/n223     0.00          0.00           0.00  (VIOLATED: increase significant digits)
   iColorspaceConverter/n239     0.00          0.00           0.00  (VIOLATED: increase significant digits)
   iColorspaceConverter/n274     0.00          0.00           0.00  (VIOLATED: increase significant digits)
   iColorspaceConverter/n282     0.00          0.00           0.00  (VIOLATED: increase significant digits)
   iColorspaceConverter/n290     0.00          0.00           0.00  (VIOLATED: increase significant digits)
   iColorspaceConverter/n298     0.00          0.00           0.00  (VIOLATED: increase significant digits)
   iColorspaceConverter/n336     0.00          0.00           0.00  (VIOLATED: increase significant digits)
   iColorspaceConverter/n343     0.00          0.00           0.00  (VIOLATED: increase significant digits)
   iColorspaceConverter/n350     0.00          0.00           0.00  (VIOLATED: increase significant digits)
   iColorspaceConverter/n358     0.00          0.00           0.00  (VIOLATED: increase significant digits)
   iColorspaceConverter/n3      0.00           0.00           0.00  (VIOLATED: increase significant digits)
   iColorspaceConverter/n79     0.00           0.00           0.00  (VIOLATED: increase significant digits)
   iColorspaceConverter/n82     0.00           0.00           0.00  (VIOLATED: increase significant digits)
   iColorspaceConverter/n85     0.00           0.00           0.00  (VIOLATED: increase significant digits)
   iColorspaceConverter/n88     0.00           0.00           0.00  (VIOLATED: increase significant digits)
   iColorspaceConverter/n91     0.00           0.00           0.00  (VIOLATED: increase significant digits)
   iColorspaceConverter/n94     0.00           0.00           0.00  (VIOLATED: increase significant digits)
   iColorspaceConverter/n97     0.00           0.00           0.00  (VIOLATED: increase significant digits)
   iColorspaceConverter/n100     0.00          0.00           0.00  (VIOLATED: increase significant digits)
   iColorspaceConverter/n122     0.00          0.00           0.00  (VIOLATED: increase significant digits)
   iColorspaceConverter/n125     0.00          0.00           0.00  (VIOLATED: increase significant digits)
   iColorspaceConverter/n128     0.00          0.00           0.00  (VIOLATED: increase significant digits)
   iColorspaceConverter/n131     0.00          0.00           0.00  (VIOLATED: increase significant digits)
   iColorspaceConverter/n134     0.00          0.00           0.00  (VIOLATED: increase significant digits)
   iColorspaceConverter/n137     0.00          0.00           0.00  (VIOLATED: increase significant digits)
   iColorspaceConverter/n140     0.00          0.00           0.00  (VIOLATED: increase significant digits)
   iColorspaceConverter/n143     0.00          0.00           0.00  (VIOLATED: increase significant digits)
   iColorspaceConverter/n146     0.00          0.00           0.00  (VIOLATED: increase significant digits)
   iColorspaceConverter/n149     0.00          0.00           0.00  (VIOLATED: increase significant digits)
   iColorspaceConverter/n152     0.00          0.00           0.00  (VIOLATED: increase significant digits)
   iColorspaceConverter/n155     0.00          0.00           0.00  (VIOLATED: increase significant digits)
   iColorspaceConverter/n158     0.00          0.00           0.00  (VIOLATED: increase significant digits)
   iColorspaceConverter/n161     0.00          0.00           0.00  (VIOLATED: increase significant digits)
   iColorspaceConverter/n164     0.00          0.00           0.00  (VIOLATED: increase significant digits)
   iColorspaceConverter/n167     0.00          0.00           0.00  (VIOLATED: increase significant digits)
   iColorspaceConverter/n170     0.00          0.00           0.00  (VIOLATED: increase significant digits)
   iColorspaceConverter/n173     0.00          0.00           0.00  (VIOLATED: increase significant digits)
   iColorspaceConverter/n176     0.00          0.00           0.00  (VIOLATED: increase significant digits)
   iColorspaceConverter/n179     0.00          0.00           0.00  (VIOLATED: increase significant digits)
   iColorspaceConverter/n182     0.00          0.00           0.00  (VIOLATED: increase significant digits)
   iColorspaceConverter/n185     0.00          0.00           0.00  (VIOLATED: increase significant digits)
   iColorspaceConverter/n188     0.00          0.00           0.00  (VIOLATED: increase significant digits)
   iColorspaceConverter/n192     0.00          0.00           0.00  (VIOLATED: increase significant digits)
   iColorspaceConverter/n219     0.00          0.00           0.00  (VIOLATED: increase significant digits)
   iColorspaceConverter/n227     0.00          0.00           0.00  (VIOLATED: increase significant digits)
   iColorspaceConverter/n238     0.00          0.00           0.00  (VIOLATED: increase significant digits)
   iColorspaceConverter/n243     0.00          0.00           0.00  (VIOLATED: increase significant digits)
   iColorspaceConverter/n271     0.00          0.00           0.00  (VIOLATED: increase significant digits)
   iColorspaceConverter/n281     0.00          0.00           0.00  (VIOLATED: increase significant digits)
   iColorspaceConverter/n307     0.00          0.00           0.00  (VIOLATED: increase significant digits)
   iColorspaceConverter/n312     0.00          0.00           0.00  (VIOLATED: increase significant digits)
   iColorspaceConverter/n333     0.00          0.00           0.00  (VIOLATED: increase significant digits)
   iColorspaceConverter/n339     0.00          0.00           0.00  (VIOLATED: increase significant digits)
   iColorspaceConverter/n342     0.00          0.00           0.00  (VIOLATED: increase significant digits)
   iColorspaceConverter/n349     0.00          0.00           0.00  (VIOLATED: increase significant digits)
   iColorspaceConverter/n354     0.00          0.00           0.00  (VIOLATED: increase significant digits)
   iColorspaceConverter/n357     0.00          0.00           0.00  (VIOLATED: increase significant digits)
   iColorspaceConverter/n366     0.00          0.00           0.00  (VIOLATED: increase significant digits)
   iColorspaceConverter/n2      0.00           0.00           0.00  (VIOLATED: increase significant digits)
   iColorspaceConverter/n78     0.00           0.00           0.00  (VIOLATED: increase significant digits)
   iColorspaceConverter/n81     0.00           0.00           0.00  (VIOLATED: increase significant digits)
   iColorspaceConverter/n84     0.00           0.00           0.00  (VIOLATED: increase significant digits)
   iColorspaceConverter/n87     0.00           0.00           0.00  (VIOLATED: increase significant digits)
   iColorspaceConverter/n90     0.00           0.00           0.00  (VIOLATED: increase significant digits)
   iColorspaceConverter/n93     0.00           0.00           0.00  (VIOLATED: increase significant digits)
   iColorspaceConverter/n96     0.00           0.00           0.00  (VIOLATED: increase significant digits)
   iColorspaceConverter/n99     0.00           0.00           0.00  (VIOLATED: increase significant digits)
   iColorspaceConverter/n121     0.00          0.00           0.00  (VIOLATED: increase significant digits)
   iColorspaceConverter/n124     0.00          0.00           0.00  (VIOLATED: increase significant digits)
   iColorspaceConverter/n127     0.00          0.00           0.00  (VIOLATED: increase significant digits)
   iColorspaceConverter/n130     0.00          0.00           0.00  (VIOLATED: increase significant digits)
   iColorspaceConverter/n133     0.00          0.00           0.00  (VIOLATED: increase significant digits)
   iColorspaceConverter/n136     0.00          0.00           0.00  (VIOLATED: increase significant digits)
   iColorspaceConverter/n139     0.00          0.00           0.00  (VIOLATED: increase significant digits)
   iColorspaceConverter/n142     0.00          0.00           0.00  (VIOLATED: increase significant digits)
   iColorspaceConverter/n145     0.00          0.00           0.00  (VIOLATED: increase significant digits)
   iColorspaceConverter/n148     0.00          0.00           0.00  (VIOLATED: increase significant digits)
   iColorspaceConverter/n151     0.00          0.00           0.00  (VIOLATED: increase significant digits)
   iColorspaceConverter/n154     0.00          0.00           0.00  (VIOLATED: increase significant digits)
   iColorspaceConverter/n157     0.00          0.00           0.00  (VIOLATED: increase significant digits)
   iColorspaceConverter/n160     0.00          0.00           0.00  (VIOLATED: increase significant digits)
   iColorspaceConverter/n163     0.00          0.00           0.00  (VIOLATED: increase significant digits)
   iColorspaceConverter/n166     0.00          0.00           0.00  (VIOLATED: increase significant digits)
   iColorspaceConverter/n169     0.00          0.00           0.00  (VIOLATED: increase significant digits)
   iColorspaceConverter/n172     0.00          0.00           0.00  (VIOLATED: increase significant digits)
   iColorspaceConverter/n175     0.00          0.00           0.00  (VIOLATED: increase significant digits)
   iColorspaceConverter/n178     0.00          0.00           0.00  (VIOLATED: increase significant digits)
   iColorspaceConverter/n181     0.00          0.00           0.00  (VIOLATED: increase significant digits)
   iColorspaceConverter/n184     0.00          0.00           0.00  (VIOLATED: increase significant digits)
   iColorspaceConverter/n187     0.00          0.00           0.00  (VIOLATED: increase significant digits)
   iColorspaceConverter/n191     0.00          0.00           0.00  (VIOLATED: increase significant digits)
   iColorspaceConverter/n206     0.00          0.00           0.00  (VIOLATED: increase significant digits)
   iColorspaceConverter/n207     0.00          0.00           0.00  (VIOLATED: increase significant digits)
   iColorspaceConverter/n210     0.00          0.00           0.00  (VIOLATED: increase significant digits)
   iColorspaceConverter/n218     0.00          0.00           0.00  (VIOLATED: increase significant digits)
   iColorspaceConverter/n226     0.00          0.00           0.00  (VIOLATED: increase significant digits)
   iColorspaceConverter/n237     0.00          0.00           0.00  (VIOLATED: increase significant digits)
   iColorspaceConverter/n270     0.00          0.00           0.00  (VIOLATED: increase significant digits)
   iColorspaceConverter/n301     0.00          0.00           0.00  (VIOLATED: increase significant digits)
   iColorspaceConverter/n311     0.00          0.00           0.00  (VIOLATED: increase significant digits)
   iColorspaceConverter/n332     0.00          0.00           0.00  (VIOLATED: increase significant digits)
   iColorspaceConverter/n338     0.00          0.00           0.00  (VIOLATED: increase significant digits)
   iColorspaceConverter/n341     0.00          0.00           0.00  (VIOLATED: increase significant digits)
   iColorspaceConverter/n346     0.00          0.00           0.00  (VIOLATED: increase significant digits)
   iColorspaceConverter/n348     0.00          0.00           0.00  (VIOLATED: increase significant digits)
   iColorspaceConverter/n353     0.00          0.00           0.00  (VIOLATED: increase significant digits)
   iColorspaceConverter/n356     0.00          0.00           0.00  (VIOLATED: increase significant digits)
   iColorspaceConverter/n196     0.00          0.00           0.00  (VIOLATED: increase significant digits)
   iColorspaceConverter/n204     0.00          0.00           0.00  (VIOLATED: increase significant digits)
   iColorspaceConverter/n213     0.00          0.00           0.00  (VIOLATED: increase significant digits)
   iColorspaceConverter/n222     0.00          0.00           0.00  (VIOLATED: increase significant digits)
   iColorspaceConverter/n224     0.00          0.00           0.00  (VIOLATED: increase significant digits)
   iColorspaceConverter/n240     0.00          0.00           0.00  (VIOLATED: increase significant digits)
   iColorspaceConverter/n275     0.00          0.00           0.00  (VIOLATED: increase significant digits)
   iColorspaceConverter/n283     0.00          0.00           0.00  (VIOLATED: increase significant digits)
   iColorspaceConverter/n291     0.00          0.00           0.00  (VIOLATED: increase significant digits)
   iColorspaceConverter/n299     0.00          0.00           0.00  (VIOLATED: increase significant digits)
   iColorspaceConverter/n337     0.00          0.00           0.00  (VIOLATED: increase significant digits)
   iColorspaceConverter/n344     0.00          0.00           0.00  (VIOLATED: increase significant digits)
   iColorspaceConverter/n351     0.00          0.00           0.00  (VIOLATED: increase significant digits)
   iColorspaceConverter/n359     0.00          0.00           0.00  (VIOLATED: increase significant digits)
   n2                           0.00           0.00           0.00  (VIOLATED: increase significant digits)
   iColorspaceConverter/n1      0.00           0.00           0.00  (VIOLATED: increase significant digits)
   iColorspaceConverter/n77     0.00           0.00           0.00  (VIOLATED: increase significant digits)
   iColorspaceConverter/n80     0.00           0.00           0.00  (VIOLATED: increase significant digits)
   iColorspaceConverter/n83     0.00           0.00           0.00  (VIOLATED: increase significant digits)
   iColorspaceConverter/n86     0.00           0.00           0.00  (VIOLATED: increase significant digits)
   iColorspaceConverter/n89     0.00           0.00           0.00  (VIOLATED: increase significant digits)
   iColorspaceConverter/n92     0.00           0.00           0.00  (VIOLATED: increase significant digits)
   iColorspaceConverter/n95     0.00           0.00           0.00  (VIOLATED: increase significant digits)
   iColorspaceConverter/n98     0.00           0.00           0.00  (VIOLATED: increase significant digits)
   iColorspaceConverter/n120     0.00          0.00           0.00  (VIOLATED: increase significant digits)
   iColorspaceConverter/n123     0.00          0.00           0.00  (VIOLATED: increase significant digits)
   iColorspaceConverter/n126     0.00          0.00           0.00  (VIOLATED: increase significant digits)
   iColorspaceConverter/n129     0.00          0.00           0.00  (VIOLATED: increase significant digits)
   iColorspaceConverter/n132     0.00          0.00           0.00  (VIOLATED: increase significant digits)
   iColorspaceConverter/n135     0.00          0.00           0.00  (VIOLATED: increase significant digits)
   iColorspaceConverter/n138     0.00          0.00           0.00  (VIOLATED: increase significant digits)
   iColorspaceConverter/n141     0.00          0.00           0.00  (VIOLATED: increase significant digits)
   iColorspaceConverter/n144     0.00          0.00           0.00  (VIOLATED: increase significant digits)
   iColorspaceConverter/n147     0.00          0.00           0.00  (VIOLATED: increase significant digits)
   iColorspaceConverter/n150     0.00          0.00           0.00  (VIOLATED: increase significant digits)
   iColorspaceConverter/n153     0.00          0.00           0.00  (VIOLATED: increase significant digits)
   iColorspaceConverter/n156     0.00          0.00           0.00  (VIOLATED: increase significant digits)
   iColorspaceConverter/n159     0.00          0.00           0.00  (VIOLATED: increase significant digits)
   iColorspaceConverter/n162     0.00          0.00           0.00  (VIOLATED: increase significant digits)
   iColorspaceConverter/n165     0.00          0.00           0.00  (VIOLATED: increase significant digits)
   iColorspaceConverter/n168     0.00          0.00           0.00  (VIOLATED: increase significant digits)
   iColorspaceConverter/n171     0.00          0.00           0.00  (VIOLATED: increase significant digits)
   iColorspaceConverter/n174     0.00          0.00           0.00  (VIOLATED: increase significant digits)
   iColorspaceConverter/n177     0.00          0.00           0.00  (VIOLATED: increase significant digits)
   iColorspaceConverter/n180     0.00          0.00           0.00  (VIOLATED: increase significant digits)
   iColorspaceConverter/n183     0.00          0.00           0.00  (VIOLATED: increase significant digits)
   iColorspaceConverter/n186     0.00          0.00           0.00  (VIOLATED: increase significant digits)
   iColorspaceConverter/n190     0.00          0.00           0.00  (VIOLATED: increase significant digits)
   iColorspaceConverter/n214     0.00          0.00           0.00  (VIOLATED: increase significant digits)
   iColorspaceConverter/n225     0.00          0.00           0.00  (VIOLATED: increase significant digits)
   iColorspaceConverter/n236     0.00          0.00           0.00  (VIOLATED: increase significant digits)
   iColorspaceConverter/n269     0.00          0.00           0.00  (VIOLATED: increase significant digits)
   iColorspaceConverter/n300     0.00          0.00           0.00  (VIOLATED: increase significant digits)
   iColorspaceConverter/n306     0.00          0.00           0.00  (VIOLATED: increase significant digits)
   iColorspaceConverter/n331     0.00          0.00           0.00  (VIOLATED: increase significant digits)
   iColorspaceConverter/n340     0.00          0.00           0.00  (VIOLATED: increase significant digits)
   iColorspaceConverter/n345     0.00          0.00           0.00  (VIOLATED: increase significant digits)
   iColorspaceConverter/n347     0.00          0.00           0.00  (VIOLATED: increase significant digits)
   iColorspaceConverter/n352     0.00          0.00           0.00  (VIOLATED: increase significant digits)
   iColorspaceConverter/n355     0.00          0.00           0.00  (VIOLATED: increase significant digits)
   iColorspaceConverter/n365     0.00          0.00           0.00  (VIOLATED: increase significant digits)
   iColorspaceConverter/N145     0.00          0.00           0.00  (VIOLATED: increase significant digits)
   iColorspaceConverter/U3/U1/Z_29     0.00     0.00          0.00  (VIOLATED: increase significant digits)
   iColorspaceConverter/add_85/n25     0.00     0.00          0.00  (VIOLATED: increase significant digits)
   iColorspaceConverter/add_85/n27     0.00     0.00          0.00  (VIOLATED: increase significant digits)
   iColorspaceConverter/add_85/n29     0.00     0.00          0.00  (VIOLATED: increase significant digits)
   iColorspaceConverter/add_85/n31     0.00     0.00          0.00  (VIOLATED: increase significant digits)
   iColorspaceConverter/add_85/n33     0.00     0.00          0.00  (VIOLATED: increase significant digits)
   iColorspaceConverter/add_85/n35     0.00     0.00          0.00  (VIOLATED: increase significant digits)
   iColorspaceConverter/add_85/n37     0.00     0.00          0.00  (VIOLATED: increase significant digits)
   iColorspaceConverter/add_85/n39     0.00     0.00          0.00  (VIOLATED: increase significant digits)
   iColorspaceConverter/add_85/n41     0.00     0.00          0.00  (VIOLATED: increase significant digits)
   iColorspaceConverter/add_85/n43     0.00     0.00          0.00  (VIOLATED: increase significant digits)
   iColorspaceConverter/add_85/n44     0.00     0.00          0.00  (VIOLATED: increase significant digits)
   iColorspaceConverter/add_85/n45     0.00     0.00          0.00  (VIOLATED: increase significant digits)
   iColorspaceConverter/add_85/n46     0.00     0.00          0.00  (VIOLATED: increase significant digits)
   iColorspaceConverter/r330/n25     0.00      0.00           0.00  (VIOLATED: increase significant digits)
   iColorspaceConverter/r330/n27     0.00      0.00           0.00  (VIOLATED: increase significant digits)
   iColorspaceConverter/r330/n29     0.00      0.00           0.00  (VIOLATED: increase significant digits)
   iColorspaceConverter/r330/n31     0.00      0.00           0.00  (VIOLATED: increase significant digits)
   iColorspaceConverter/r330/n33     0.00      0.00           0.00  (VIOLATED: increase significant digits)
   iColorspaceConverter/r330/n35     0.00      0.00           0.00  (VIOLATED: increase significant digits)
   iColorspaceConverter/r330/n37     0.00      0.00           0.00  (VIOLATED: increase significant digits)
   iColorspaceConverter/r330/n39     0.00      0.00           0.00  (VIOLATED: increase significant digits)
   iColorspaceConverter/r330/n41     0.00      0.00           0.00  (VIOLATED: increase significant digits)
   iColorspaceConverter/r330/n43     0.00      0.00           0.00  (VIOLATED: increase significant digits)
   iColorspaceConverter/r330/n44     0.00      0.00           0.00  (VIOLATED: increase significant digits)
   iColorspaceConverter/r330/n45     0.00      0.00           0.00  (VIOLATED: increase significant digits)
   iColorspaceConverter/r330/n46     0.00      0.00           0.00  (VIOLATED: increase significant digits)
   iColorspaceConverter/current_column[10]     0.00     0.00     0.00 (VIOLATED: increase significant digits)
   iColorspaceConverter/current_column[11]     0.00     0.00     0.00 (VIOLATED: increase significant digits)
   iColorspaceConverter/current_column[12]     0.00     0.00     0.00 (VIOLATED: increase significant digits)
   iColorspaceConverter/current_column[14]     0.00     0.00     0.00 (VIOLATED: increase significant digits)
   iColorspaceConverter/current_column[15]     0.00     0.00     0.00 (VIOLATED: increase significant digits)
   iColorspaceConverter/current_column[16]     0.00     0.00     0.00 (VIOLATED: increase significant digits)
   iColorspaceConverter/current_column[17]     0.00     0.00     0.00 (VIOLATED: increase significant digits)
   iColorspaceConverter/current_column[18]     0.00     0.00     0.00 (VIOLATED: increase significant digits)
   iColorspaceConverter/current_column[19]     0.00     0.00     0.00 (VIOLATED: increase significant digits)
   iColorspaceConverter/current_column[21]     0.00     0.00     0.00 (VIOLATED: increase significant digits)
   iColorspaceConverter/current_column[22]     0.00     0.00     0.00 (VIOLATED: increase significant digits)
   iColorspaceConverter/current_column[23]     0.00     0.00     0.00 (VIOLATED: increase significant digits)
   iColorspaceConverter/current_column[24]     0.00     0.00     0.00 (VIOLATED: increase significant digits)
   iColorspaceConverter/current_column[25]     0.00     0.00     0.00 (VIOLATED: increase significant digits)
   iColorspaceConverter/current_column[26]     0.00     0.00     0.00 (VIOLATED: increase significant digits)
   iColorspaceConverter/current_column[28]     0.00     0.00     0.00 (VIOLATED: increase significant digits)
   iColorspaceConverter/current_column[29]     0.00     0.00     0.00 (VIOLATED: increase significant digits)
   iColorspaceConverter/current_column[30]     0.00     0.00     0.00 (VIOLATED: increase significant digits)
   iColorspaceConverter/current_column[31]     0.00     0.00     0.00 (VIOLATED: increase significant digits)
   iColorspaceConverter/current_row[10]     0.00     0.00     0.00  (VIOLATED: increase significant digits)
   iColorspaceConverter/current_row[11]     0.00     0.00     0.00  (VIOLATED: increase significant digits)
   iColorspaceConverter/current_row[12]     0.00     0.00     0.00  (VIOLATED: increase significant digits)
   iColorspaceConverter/current_row[14]     0.00     0.00     0.00  (VIOLATED: increase significant digits)
   iColorspaceConverter/current_row[15]     0.00     0.00     0.00  (VIOLATED: increase significant digits)
   iColorspaceConverter/current_row[16]     0.00     0.00     0.00  (VIOLATED: increase significant digits)
   iColorspaceConverter/current_row[17]     0.00     0.00     0.00  (VIOLATED: increase significant digits)
   iColorspaceConverter/current_row[18]     0.00     0.00     0.00  (VIOLATED: increase significant digits)
   iColorspaceConverter/current_row[19]     0.00     0.00     0.00  (VIOLATED: increase significant digits)
   iColorspaceConverter/current_row[21]     0.00     0.00     0.00  (VIOLATED: increase significant digits)
   iColorspaceConverter/current_row[22]     0.00     0.00     0.00  (VIOLATED: increase significant digits)
   iColorspaceConverter/current_row[23]     0.00     0.00     0.00  (VIOLATED: increase significant digits)
   iColorspaceConverter/current_row[24]     0.00     0.00     0.00  (VIOLATED: increase significant digits)
   iColorspaceConverter/current_row[25]     0.00     0.00     0.00  (VIOLATED: increase significant digits)
   iColorspaceConverter/current_row[26]     0.00     0.00     0.00  (VIOLATED: increase significant digits)
   iColorspaceConverter/current_row[28]     0.00     0.00     0.00  (VIOLATED: increase significant digits)
   iColorspaceConverter/current_row[29]     0.00     0.00     0.00  (VIOLATED: increase significant digits)
   iColorspaceConverter/n267     0.00          0.00           0.00  (VIOLATED: increase significant digits)
   iColorspaceConverter/current_column[0]     0.00     0.00     0.00 (VIOLATED: increase significant digits)
   iColorspaceConverter/current_column[1]     0.00     0.00     0.00 (VIOLATED: increase significant digits)
   iColorspaceConverter/current_column[2]     0.00     0.00     0.00 (VIOLATED: increase significant digits)
   iColorspaceConverter/current_column[3]     0.00     0.00     0.00 (VIOLATED: increase significant digits)
   iColorspaceConverter/current_column[4]     0.00     0.00     0.00 (VIOLATED: increase significant digits)
   iColorspaceConverter/current_column[5]     0.00     0.00     0.00 (VIOLATED: increase significant digits)
   iColorspaceConverter/n199     0.00          0.00           0.00  (VIOLATED: increase significant digits)
   iColorspaceConverter/n202     0.00          0.00           0.00  (VIOLATED: increase significant digits)
   iColorspaceConverter/n211     0.00          0.00           0.00  (VIOLATED: increase significant digits)
   iColorspaceConverter/n216     0.00          0.00           0.00  (VIOLATED: increase significant digits)
   iColorspaceConverter/n246     0.00          0.00           0.00  (VIOLATED: increase significant digits)
   iColorspaceConverter/n198     0.00          0.00           0.00  (VIOLATED: increase significant digits)
   iColorspaceConverter/n201     0.00          0.00           0.00  (VIOLATED: increase significant digits)
   iColorspaceConverter/n215     0.00          0.00           0.00  (VIOLATED: increase significant digits)
   iColorspaceConverter/n242     0.00          0.00           0.00  (VIOLATED: increase significant digits)
   iColorspaceConverter/n245     0.00          0.00           0.00  (VIOLATED: increase significant digits)
   iColorspaceConverter/n305     0.00          0.00           0.00  (VIOLATED: increase significant digits)
   iColorspaceConverter/U3/U1/Z_31     0.00     0.00          0.00  (VIOLATED: increase significant digits)
   iColorspaceConverter/add_85/n1     0.00     0.00           0.00  (VIOLATED: increase significant digits)
   iColorspaceConverter/r330/n15     0.00      0.00           0.00  (VIOLATED: increase significant digits)
   iColorspaceConverter/n197     0.00          0.00           0.00  (VIOLATED: increase significant digits)
   iColorspaceConverter/n200     0.00          0.00           0.00  (VIOLATED: increase significant digits)
   iColorspaceConverter/n205     0.00          0.00           0.00  (VIOLATED: increase significant digits)
   iColorspaceConverter/n209     0.00          0.00           0.00  (VIOLATED: increase significant digits)
   iColorspaceConverter/n217     0.00          0.00           0.00  (VIOLATED: increase significant digits)
   iColorspaceConverter/n241     0.00          0.00           0.00  (VIOLATED: increase significant digits)
   iColorspaceConverter/n244     0.00          0.00           0.00  (VIOLATED: increase significant digits)

   -----------------------------------------------------------------
   Total                      443                -0.60  

   max_area

                             Required        Actual
   Design                      Area           Area           Slack
   -----------------------------------------------------------------
   edge_detection_top           0.00       13798.15       -13798.15 (VIOLATED)


1
