Warning: Design 'edge_detection_top' has '1' unresolved references. For more detailed information, use the "link" command. (UID-341)
Information: Updating design information... (UID-85)
 
****************************************
Report : constraint
        -all_violators
Design : edge_detection_top
Version: K-2015.06-SP5-6
Date   : Tue Dec  1 18:05:46 2020
****************************************


   min_capacitance

                             Required        Actual
   Net                      Capacitance    Capacitance       Slack
   -----------------------------------------------------------------
   O_DE                         0.00           0.00           0.00  (VIOLATED: increase significant digits)
   O_HSYNC                      0.00           0.00           0.00  (VIOLATED: increase significant digits)
   O_PIX_DATA[0]                0.00           0.00           0.00  (VIOLATED: increase significant digits)
   O_PIX_DATA[1]                0.00           0.00           0.00  (VIOLATED: increase significant digits)
   O_PIX_DATA[2]                0.00           0.00           0.00  (VIOLATED: increase significant digits)
   O_PIX_DATA[3]                0.00           0.00           0.00  (VIOLATED: increase significant digits)
   O_PIX_DATA[4]                0.00           0.00           0.00  (VIOLATED: increase significant digits)
   O_PIX_DATA[5]                0.00           0.00           0.00  (VIOLATED: increase significant digits)
   O_PIX_DATA[6]                0.00           0.00           0.00  (VIOLATED: increase significant digits)
   O_PIX_DATA[7]                0.00           0.00           0.00  (VIOLATED: increase significant digits)
   O_PIX_DATA[8]                0.00           0.00           0.00  (VIOLATED: increase significant digits)
   O_PIX_DATA[9]                0.00           0.00           0.00  (VIOLATED: increase significant digits)
   O_PIX_DATA[10]               0.00           0.00           0.00  (VIOLATED: increase significant digits)
   O_PIX_DATA[11]               0.00           0.00           0.00  (VIOLATED: increase significant digits)
   O_PIX_DATA[12]               0.00           0.00           0.00  (VIOLATED: increase significant digits)
   O_PIX_DATA[13]               0.00           0.00           0.00  (VIOLATED: increase significant digits)
   O_PIX_DATA[14]               0.00           0.00           0.00  (VIOLATED: increase significant digits)
   O_PIX_DATA[15]               0.00           0.00           0.00  (VIOLATED: increase significant digits)
   O_PIX_DATA[16]               0.00           0.00           0.00  (VIOLATED: increase significant digits)
   O_PIX_DATA[17]               0.00           0.00           0.00  (VIOLATED: increase significant digits)
   O_PIX_DATA[18]               0.00           0.00           0.00  (VIOLATED: increase significant digits)
   O_PIX_DATA[19]               0.00           0.00           0.00  (VIOLATED: increase significant digits)
   O_PIX_DATA[20]               0.00           0.00           0.00  (VIOLATED: increase significant digits)
   O_PIX_DATA[21]               0.00           0.00           0.00  (VIOLATED: increase significant digits)
   O_PIX_DATA[22]               0.00           0.00           0.00  (VIOLATED: increase significant digits)
   O_PIX_DATA[23]               0.00           0.00           0.00  (VIOLATED: increase significant digits)
   O_VSYNC                      0.00           0.00           0.00  (VIOLATED: increase significant digits)
   iVidGen/N62                  0.00           0.00           0.00  (VIOLATED: increase significant digits)
   iVidGen/N68                  0.00           0.00           0.00  (VIOLATED: increase significant digits)
   iVidGen/n1                   0.00           0.00           0.00  (VIOLATED: increase significant digits)
   iVidGen/n19                  0.00           0.00           0.00  (VIOLATED: increase significant digits)
   iVidGen/n63                  0.00           0.00           0.00  (VIOLATED: increase significant digits)
   iVidGen/n105                 0.00           0.00           0.00  (VIOLATED: increase significant digits)
   iVidGen/n125                 0.00           0.00           0.00  (VIOLATED: increase significant digits)
   iVidGen/n151                 0.00           0.00           0.00  (VIOLATED: increase significant digits)
   iVidGen/q_hact_done          0.00           0.00           0.00  (VIOLATED: increase significant digits)
   iVidGen/q_hs_done            0.00           0.00           0.00  (VIOLATED: increase significant digits)
   iVidGen/q_vbp_done           0.00           0.00           0.00  (VIOLATED: increase significant digits)
   iSobel/n10                   0.00           0.00           0.00  (VIOLATED: increase significant digits)
   iSobel/n128                  0.00           0.00           0.00  (VIOLATED: increase significant digits)
   iSobel/n142                  0.00           0.00           0.00  (VIOLATED: increase significant digits)
   iVidGen/n8                   0.00           0.00           0.00  (VIOLATED: increase significant digits)
   iVidGen/n26                  0.00           0.00           0.00  (VIOLATED: increase significant digits)
   iVidGen/n51                  0.00           0.00           0.00  (VIOLATED: increase significant digits)
   iVidGen/n69                  0.00           0.00           0.00  (VIOLATED: increase significant digits)
   iVidGen/n71                  0.00           0.00           0.00  (VIOLATED: increase significant digits)
   iSobel/n13                   0.00           0.00           0.00  (VIOLATED: increase significant digits)
   iSobel/n17                   0.00           0.00           0.00  (VIOLATED: increase significant digits)
   iSobel/n127                  0.00           0.00           0.00  (VIOLATED: increase significant digits)
   iSobel/n141                  0.00           0.00           0.00  (VIOLATED: increase significant digits)
   iVidGen/n25                  0.00           0.00           0.00  (VIOLATED: increase significant digits)
   iVidGen/n55                  0.00           0.00           0.00  (VIOLATED: increase significant digits)
   iVidGen/n68                  0.00           0.00           0.00  (VIOLATED: increase significant digits)
   iVidGen/n70                  0.00           0.00           0.00  (VIOLATED: increase significant digits)
   iSobel/add_71/n8             0.00           0.00           0.00  (VIOLATED: increase significant digits)
   iSobel/add_71/n9             0.00           0.00           0.00  (VIOLATED: increase significant digits)
   iSobel/add_71/n11            0.00           0.00           0.00  (VIOLATED: increase significant digits)
   iSobel/add_71/n12            0.00           0.00           0.00  (VIOLATED: increase significant digits)
   iSobel/add_71/n14            0.00           0.00           0.00  (VIOLATED: increase significant digits)
   iSobel/add_71/n15            0.00           0.00           0.00  (VIOLATED: increase significant digits)
   iSobel/add_71/n17            0.00           0.00           0.00  (VIOLATED: increase significant digits)
   iSobel/add_71/n18            0.00           0.00           0.00  (VIOLATED: increase significant digits)
   iSobel/add_71/n21            0.00           0.00           0.00  (VIOLATED: increase significant digits)
   iSobel/add_71/n22            0.00           0.00           0.00  (VIOLATED: increase significant digits)
   iSobel/add_71/n25            0.00           0.00           0.00  (VIOLATED: increase significant digits)
   iSobel/add_71/n26            0.00           0.00           0.00  (VIOLATED: increase significant digits)
   iSobel/add_71/n29            0.00           0.00           0.00  (VIOLATED: increase significant digits)
   iSobel/add_71/n30            0.00           0.00           0.00  (VIOLATED: increase significant digits)
   iSobel/add_71/n33            0.00           0.00           0.00  (VIOLATED: increase significant digits)
   iSobel/add_71/n34            0.00           0.00           0.00  (VIOLATED: increase significant digits)
   iSobel/add_71/n37            0.00           0.00           0.00  (VIOLATED: increase significant digits)
   iSobel/n2                    0.00           0.00           0.00  (VIOLATED: increase significant digits)
   iSobel/n19                   0.00           0.00           0.00  (VIOLATED: increase significant digits)
   iSobel/n25                   0.00           0.00           0.00  (VIOLATED: increase significant digits)
   iSobel/n29                   0.00           0.00           0.00  (VIOLATED: increase significant digits)
   iSobel/n31                   0.00           0.00           0.00  (VIOLATED: increase significant digits)
   iSobel/n33                   0.00           0.00           0.00  (VIOLATED: increase significant digits)
   iSobel/n35                   0.00           0.00           0.00  (VIOLATED: increase significant digits)
   iSobel/n37                   0.00           0.00           0.00  (VIOLATED: increase significant digits)
   iSobel/n39                   0.00           0.00           0.00  (VIOLATED: increase significant digits)
   iSobel/n41                   0.00           0.00           0.00  (VIOLATED: increase significant digits)
   iSobel/n43                   0.00           0.00           0.00  (VIOLATED: increase significant digits)
   iSobel/n45                   0.00           0.00           0.00  (VIOLATED: increase significant digits)
   iSobel/n47                   0.00           0.00           0.00  (VIOLATED: increase significant digits)
   iSobel/n50                   0.00           0.00           0.00  (VIOLATED: increase significant digits)
   iSobel/n54                   0.00           0.00           0.00  (VIOLATED: increase significant digits)
   iSobel/n56                   0.00           0.00           0.00  (VIOLATED: increase significant digits)
   iSobel/n59                   0.00           0.00           0.00  (VIOLATED: increase significant digits)
   iSobel/n61                   0.00           0.00           0.00  (VIOLATED: increase significant digits)
   iSobel/n63                   0.00           0.00           0.00  (VIOLATED: increase significant digits)
   iSobel/n65                   0.00           0.00           0.00  (VIOLATED: increase significant digits)
   iSobel/n67                   0.00           0.00           0.00  (VIOLATED: increase significant digits)
   iSobel/n69                   0.00           0.00           0.00  (VIOLATED: increase significant digits)
   iSobel/n71                   0.00           0.00           0.00  (VIOLATED: increase significant digits)
   iSobel/n72                   0.00           0.00           0.00  (VIOLATED: increase significant digits)
   iSobel/n74                   0.00           0.00           0.00  (VIOLATED: increase significant digits)
   iSobel/n78                   0.00           0.00           0.00  (VIOLATED: increase significant digits)
   iSobel/n80                   0.00           0.00           0.00  (VIOLATED: increase significant digits)
   iSobel/n82                   0.00           0.00           0.00  (VIOLATED: increase significant digits)
   iSobel/n84                   0.00           0.00           0.00  (VIOLATED: increase significant digits)
   iSobel/n86                   0.00           0.00           0.00  (VIOLATED: increase significant digits)
   iSobel/n88                   0.00           0.00           0.00  (VIOLATED: increase significant digits)
   iSobel/n90                   0.00           0.00           0.00  (VIOLATED: increase significant digits)
   iSobel/n92                   0.00           0.00           0.00  (VIOLATED: increase significant digits)
   iSobel/n94                   0.00           0.00           0.00  (VIOLATED: increase significant digits)
   iSobel/n95                   0.00           0.00           0.00  (VIOLATED: increase significant digits)
   iSobel/n98                   0.00           0.00           0.00  (VIOLATED: increase significant digits)
   iSobel/n102                  0.00           0.00           0.00  (VIOLATED: increase significant digits)
   iSobel/n104                  0.00           0.00           0.00  (VIOLATED: increase significant digits)
   iSobel/n106                  0.00           0.00           0.00  (VIOLATED: increase significant digits)
   iSobel/n108                  0.00           0.00           0.00  (VIOLATED: increase significant digits)
   iSobel/n110                  0.00           0.00           0.00  (VIOLATED: increase significant digits)
   iSobel/n112                  0.00           0.00           0.00  (VIOLATED: increase significant digits)
   iSobel/n114                  0.00           0.00           0.00  (VIOLATED: increase significant digits)
   iSobel/n116                  0.00           0.00           0.00  (VIOLATED: increase significant digits)
   iSobel/n118                  0.00           0.00           0.00  (VIOLATED: increase significant digits)
   iSobel/n119                  0.00           0.00           0.00  (VIOLATED: increase significant digits)
   iSobel/n123                  0.00           0.00           0.00  (VIOLATED: increase significant digits)
   iSobel/n125                  0.00           0.00           0.00  (VIOLATED: increase significant digits)
   iSobel/n252                  0.00           0.00           0.00  (VIOLATED: increase significant digits)
   iSobel/n254                  0.00           0.00           0.00  (VIOLATED: increase significant digits)
   iSobel/n283                  0.00           0.00           0.00  (VIOLATED: increase significant digits)
   iSobel/n290                  0.00           0.00           0.00  (VIOLATED: increase significant digits)
   iSobel/n292                  0.00           0.00           0.00  (VIOLATED: increase significant digits)
   iSobel/n321                  0.00           0.00           0.00  (VIOLATED: increase significant digits)
   iSobel/n323                  0.00           0.00           0.00  (VIOLATED: increase significant digits)
   iSobel/r50/n9                0.00           0.00           0.00  (VIOLATED: increase significant digits)
   iSobel/r50/n13               0.00           0.00           0.00  (VIOLATED: increase significant digits)
   iSobel/r50/n14               0.00           0.00           0.00  (VIOLATED: increase significant digits)
   iSobel/r50/n18               0.00           0.00           0.00  (VIOLATED: increase significant digits)
   iSobel/r50/n19               0.00           0.00           0.00  (VIOLATED: increase significant digits)
   iSobel/r50/n23               0.00           0.00           0.00  (VIOLATED: increase significant digits)
   iSobel/r50/n24               0.00           0.00           0.00  (VIOLATED: increase significant digits)
   iSobel/r50/n28               0.00           0.00           0.00  (VIOLATED: increase significant digits)
   iSobel/r50/n29               0.00           0.00           0.00  (VIOLATED: increase significant digits)
   iSobel/r50/n33               0.00           0.00           0.00  (VIOLATED: increase significant digits)
   iSobel/r50/n34               0.00           0.00           0.00  (VIOLATED: increase significant digits)
   iSobel/r51/n4                0.00           0.00           0.00  (VIOLATED: increase significant digits)
   iSobel/r51/n20               0.00           0.00           0.00  (VIOLATED: increase significant digits)
   iSobel/r51/n25               0.00           0.00           0.00  (VIOLATED: increase significant digits)
   iSobel/r51/n30               0.00           0.00           0.00  (VIOLATED: increase significant digits)
   iSobel/r51/n35               0.00           0.00           0.00  (VIOLATED: increase significant digits)
   iSobel/r51/n40               0.00           0.00           0.00  (VIOLATED: increase significant digits)
   iSobel/r51/n45               0.00           0.00           0.00  (VIOLATED: increase significant digits)
   iSobel/r51/n50               0.00           0.00           0.00  (VIOLATED: increase significant digits)
   iSobel/r51/n54               0.00           0.00           0.00  (VIOLATED: increase significant digits)
   iSobel/r459/n10              0.00           0.00           0.00  (VIOLATED: increase significant digits)
   iSobel/r459/n11              0.00           0.00           0.00  (VIOLATED: increase significant digits)
   iSobel/r459/n15              0.00           0.00           0.00  (VIOLATED: increase significant digits)
   iSobel/r459/n16              0.00           0.00           0.00  (VIOLATED: increase significant digits)
   iSobel/r459/n20              0.00           0.00           0.00  (VIOLATED: increase significant digits)
   iSobel/r459/n21              0.00           0.00           0.00  (VIOLATED: increase significant digits)
   iSobel/r459/n25              0.00           0.00           0.00  (VIOLATED: increase significant digits)
   iSobel/r459/n26              0.00           0.00           0.00  (VIOLATED: increase significant digits)
   iSobel/r459/n30              0.00           0.00           0.00  (VIOLATED: increase significant digits)
   iSobel/r459/n31              0.00           0.00           0.00  (VIOLATED: increase significant digits)
   iSobel/r459/n35              0.00           0.00           0.00  (VIOLATED: increase significant digits)
   iSobel/r459/n36              0.00           0.00           0.00  (VIOLATED: increase significant digits)
   iSobel/r459/n40              0.00           0.00           0.00  (VIOLATED: increase significant digits)
   iSobel/r459/n41              0.00           0.00           0.00  (VIOLATED: increase significant digits)
   iSobel/r465/n4               0.00           0.00           0.00  (VIOLATED: increase significant digits)
   iSobel/r465/n20              0.00           0.00           0.00  (VIOLATED: increase significant digits)
   iSobel/r465/n25              0.00           0.00           0.00  (VIOLATED: increase significant digits)
   iSobel/r465/n30              0.00           0.00           0.00  (VIOLATED: increase significant digits)
   iSobel/r465/n35              0.00           0.00           0.00  (VIOLATED: increase significant digits)
   iSobel/r465/n40              0.00           0.00           0.00  (VIOLATED: increase significant digits)
   iSobel/r465/n45              0.00           0.00           0.00  (VIOLATED: increase significant digits)
   iSobel/r465/n50              0.00           0.00           0.00  (VIOLATED: increase significant digits)
   iSobel/r465/n54              0.00           0.00           0.00  (VIOLATED: increase significant digits)
   iVidGen/O_VCNT[0]            0.00           0.00           0.00  (VIOLATED: increase significant digits)
   iVidGen/n13                  0.00           0.00           0.00  (VIOLATED: increase significant digits)
   iVidGen/n16                  0.00           0.00           0.00  (VIOLATED: increase significant digits)
   iVidGen/n48                  0.00           0.00           0.00  (VIOLATED: increase significant digits)
   iVidGen/n66                  0.00           0.00           0.00  (VIOLATED: increase significant digits)
   iVidGen/n79                  0.00           0.00           0.00  (VIOLATED: increase significant digits)
   iVidGen/n83                  0.00           0.00           0.00  (VIOLATED: increase significant digits)
   iVidGen/n85                  0.00           0.00           0.00  (VIOLATED: increase significant digits)
   iVidGen/n87                  0.00           0.00           0.00  (VIOLATED: increase significant digits)
   iVidGen/n89                  0.00           0.00           0.00  (VIOLATED: increase significant digits)
   iVidGen/n91                  0.00           0.00           0.00  (VIOLATED: increase significant digits)
   iVidGen/n93                  0.00           0.00           0.00  (VIOLATED: increase significant digits)
   iVidGen/n95                  0.00           0.00           0.00  (VIOLATED: increase significant digits)
   iVidGen/n97                  0.00           0.00           0.00  (VIOLATED: increase significant digits)
   iVidGen/n99                  0.00           0.00           0.00  (VIOLATED: increase significant digits)
   iVidGen/n101                 0.00           0.00           0.00  (VIOLATED: increase significant digits)
   iVidGen/n103                 0.00           0.00           0.00  (VIOLATED: increase significant digits)
   iVidGen/n111                 0.00           0.00           0.00  (VIOLATED: increase significant digits)
   iVidGen/n129                 0.00           0.00           0.00  (VIOLATED: increase significant digits)
   iVidGen/n137                 0.00           0.00           0.00  (VIOLATED: increase significant digits)
   iVidGen/n143                 0.00           0.00           0.00  (VIOLATED: increase significant digits)
   iVidGen/n152                 0.00           0.00           0.00  (VIOLATED: increase significant digits)
   iSobel/n18                   0.00           0.00           0.00  (VIOLATED: increase significant digits)
   iSobel/n184                  0.00           0.00           0.00  (VIOLATED: increase significant digits)
   iSobel/n189                  0.00           0.00           0.00  (VIOLATED: increase significant digits)
   iSobel/n194                  0.00           0.00           0.00  (VIOLATED: increase significant digits)
   iSobel/n199                  0.00           0.00           0.00  (VIOLATED: increase significant digits)
   iSobel/n204                  0.00           0.00           0.00  (VIOLATED: increase significant digits)
   iSobel/n209                  0.00           0.00           0.00  (VIOLATED: increase significant digits)
   iSobel/n214                  0.00           0.00           0.00  (VIOLATED: increase significant digits)
   iSobel/n219                  0.00           0.00           0.00  (VIOLATED: increase significant digits)
   iSobel/n250                  0.00           0.00           0.00  (VIOLATED: increase significant digits)
   iSobel/n288                  0.00           0.00           0.00  (VIOLATED: increase significant digits)
   iSobel/r50/n8                0.00           0.00           0.00  (VIOLATED: increase significant digits)
   iSobel/n183                  0.00           0.00           0.00  (VIOLATED: increase significant digits)
   iSobel/n188                  0.00           0.00           0.00  (VIOLATED: increase significant digits)
   iSobel/n193                  0.00           0.00           0.00  (VIOLATED: increase significant digits)
   iSobel/n198                  0.00           0.00           0.00  (VIOLATED: increase significant digits)
   iSobel/n203                  0.00           0.00           0.00  (VIOLATED: increase significant digits)
   iSobel/n208                  0.00           0.00           0.00  (VIOLATED: increase significant digits)
   iSobel/n213                  0.00           0.00           0.00  (VIOLATED: increase significant digits)
   iSobel/n218                  0.00           0.00           0.00  (VIOLATED: increase significant digits)
   iSobel/n249                  0.00           0.00           0.00  (VIOLATED: increase significant digits)
   iSobel/n287                  0.00           0.00           0.00  (VIOLATED: increase significant digits)
   iSobel/r50/n7                0.00           0.00           0.00  (VIOLATED: increase significant digits)
   iVidGen/n109                 0.00           0.00           0.00  (VIOLATED: increase significant digits)
   iVidGen/n_deDly[1]           0.00           0.00           0.00  (VIOLATED: increase significant digits)
   iVidGen/n_deDly[2]           0.00           0.00           0.00  (VIOLATED: increase significant digits)
   iVidGen/n_hsDly[1]           0.00           0.00           0.00  (VIOLATED: increase significant digits)
   iVidGen/n_hsDly[2]           0.00           0.00           0.00  (VIOLATED: increase significant digits)
   iVidGen/n_hsDly[3]           0.00           0.00           0.00  (VIOLATED: increase significant digits)
   iSobel/add_71/n7             0.00           0.00           0.00  (VIOLATED: increase significant digits)
   iSobel/add_71/n10            0.00           0.00           0.00  (VIOLATED: increase significant digits)
   iSobel/add_71/n13            0.00           0.00           0.00  (VIOLATED: increase significant digits)
   iSobel/add_71/n16            0.00           0.00           0.00  (VIOLATED: increase significant digits)
   iSobel/add_71/n20            0.00           0.00           0.00  (VIOLATED: increase significant digits)
   iSobel/add_71/n24            0.00           0.00           0.00  (VIOLATED: increase significant digits)
   iSobel/add_71/n28            0.00           0.00           0.00  (VIOLATED: increase significant digits)
   iSobel/add_71/n32            0.00           0.00           0.00  (VIOLATED: increase significant digits)
   iSobel/add_71/n36            0.00           0.00           0.00  (VIOLATED: increase significant digits)
   iSobel/gx[2]                 0.00           0.00           0.00  (VIOLATED: increase significant digits)
   iSobel/gx[3]                 0.00           0.00           0.00  (VIOLATED: increase significant digits)
   iSobel/gx[4]                 0.00           0.00           0.00  (VIOLATED: increase significant digits)
   iSobel/gx[5]                 0.00           0.00           0.00  (VIOLATED: increase significant digits)
   iSobel/gx[6]                 0.00           0.00           0.00  (VIOLATED: increase significant digits)
   iSobel/n1                    0.00           0.00           0.00  (VIOLATED: increase significant digits)
   iSobel/n20                   0.00           0.00           0.00  (VIOLATED: increase significant digits)
   iSobel/n24                   0.00           0.00           0.00  (VIOLATED: increase significant digits)
   iSobel/n28                   0.00           0.00           0.00  (VIOLATED: increase significant digits)
   iSobel/n30                   0.00           0.00           0.00  (VIOLATED: increase significant digits)
   iSobel/n32                   0.00           0.00           0.00  (VIOLATED: increase significant digits)
   iSobel/n34                   0.00           0.00           0.00  (VIOLATED: increase significant digits)
   iSobel/n36                   0.00           0.00           0.00  (VIOLATED: increase significant digits)
   iSobel/n38                   0.00           0.00           0.00  (VIOLATED: increase significant digits)
   iSobel/n40                   0.00           0.00           0.00  (VIOLATED: increase significant digits)
   iSobel/n42                   0.00           0.00           0.00  (VIOLATED: increase significant digits)
   iSobel/n44                   0.00           0.00           0.00  (VIOLATED: increase significant digits)
   iSobel/n49                   0.00           0.00           0.00  (VIOLATED: increase significant digits)
   iSobel/n53                   0.00           0.00           0.00  (VIOLATED: increase significant digits)
   iSobel/n55                   0.00           0.00           0.00  (VIOLATED: increase significant digits)
   iSobel/n57                   0.00           0.00           0.00  (VIOLATED: increase significant digits)
   iSobel/n60                   0.00           0.00           0.00  (VIOLATED: increase significant digits)
   iSobel/n62                   0.00           0.00           0.00  (VIOLATED: increase significant digits)
   iSobel/n64                   0.00           0.00           0.00  (VIOLATED: increase significant digits)
   iSobel/n66                   0.00           0.00           0.00  (VIOLATED: increase significant digits)
   iSobel/n68                   0.00           0.00           0.00  (VIOLATED: increase significant digits)
   iSobel/n70                   0.00           0.00           0.00  (VIOLATED: increase significant digits)
   iSobel/n73                   0.00           0.00           0.00  (VIOLATED: increase significant digits)
   iSobel/n77                   0.00           0.00           0.00  (VIOLATED: increase significant digits)
   iSobel/n79                   0.00           0.00           0.00  (VIOLATED: increase significant digits)
   iSobel/n81                   0.00           0.00           0.00  (VIOLATED: increase significant digits)
   iSobel/n83                   0.00           0.00           0.00  (VIOLATED: increase significant digits)
   iSobel/n85                   0.00           0.00           0.00  (VIOLATED: increase significant digits)
   iSobel/n87                   0.00           0.00           0.00  (VIOLATED: increase significant digits)
   iSobel/n89                   0.00           0.00           0.00  (VIOLATED: increase significant digits)
   iSobel/n91                   0.00           0.00           0.00  (VIOLATED: increase significant digits)
   iSobel/n93                   0.00           0.00           0.00  (VIOLATED: increase significant digits)
   iSobel/n97                   0.00           0.00           0.00  (VIOLATED: increase significant digits)
   iSobel/n101                  0.00           0.00           0.00  (VIOLATED: increase significant digits)
   iSobel/n103                  0.00           0.00           0.00  (VIOLATED: increase significant digits)
   iSobel/n105                  0.00           0.00           0.00  (VIOLATED: increase significant digits)
   iSobel/n107                  0.00           0.00           0.00  (VIOLATED: increase significant digits)
   iSobel/n109                  0.00           0.00           0.00  (VIOLATED: increase significant digits)
   iSobel/n111                  0.00           0.00           0.00  (VIOLATED: increase significant digits)
   iSobel/n113                  0.00           0.00           0.00  (VIOLATED: increase significant digits)
   iSobel/n115                  0.00           0.00           0.00  (VIOLATED: increase significant digits)
   iSobel/n117                  0.00           0.00           0.00  (VIOLATED: increase significant digits)
   iSobel/n120                  0.00           0.00           0.00  (VIOLATED: increase significant digits)
   iSobel/n124                  0.00           0.00           0.00  (VIOLATED: increase significant digits)
   iSobel/n251                  0.00           0.00           0.00  (VIOLATED: increase significant digits)
   iSobel/n253                  0.00           0.00           0.00  (VIOLATED: increase significant digits)
   iSobel/n289                  0.00           0.00           0.00  (VIOLATED: increase significant digits)
   iSobel/n291                  0.00           0.00           0.00  (VIOLATED: increase significant digits)
   iSobel/n322                  0.00           0.00           0.00  (VIOLATED: increase significant digits)
   iSobel/r50/n12               0.00           0.00           0.00  (VIOLATED: increase significant digits)
   iSobel/r50/n17               0.00           0.00           0.00  (VIOLATED: increase significant digits)
   iSobel/r50/n22               0.00           0.00           0.00  (VIOLATED: increase significant digits)
   iSobel/r50/n27               0.00           0.00           0.00  (VIOLATED: increase significant digits)
   iSobel/r50/n32               0.00           0.00           0.00  (VIOLATED: increase significant digits)
   iSobel/r51/n19               0.00           0.00           0.00  (VIOLATED: increase significant digits)
   iSobel/r51/n21               0.00           0.00           0.00  (VIOLATED: increase significant digits)
   iSobel/r51/n24               0.00           0.00           0.00  (VIOLATED: increase significant digits)
   iSobel/r51/n26               0.00           0.00           0.00  (VIOLATED: increase significant digits)
   iSobel/r51/n29               0.00           0.00           0.00  (VIOLATED: increase significant digits)
   iSobel/r51/n31               0.00           0.00           0.00  (VIOLATED: increase significant digits)
   iSobel/r51/n34               0.00           0.00           0.00  (VIOLATED: increase significant digits)
   iSobel/r51/n36               0.00           0.00           0.00  (VIOLATED: increase significant digits)
   iSobel/r51/n39               0.00           0.00           0.00  (VIOLATED: increase significant digits)
   iSobel/r51/n41               0.00           0.00           0.00  (VIOLATED: increase significant digits)
   iSobel/r51/n44               0.00           0.00           0.00  (VIOLATED: increase significant digits)
   iSobel/r51/n46               0.00           0.00           0.00  (VIOLATED: increase significant digits)
   iSobel/r51/n49               0.00           0.00           0.00  (VIOLATED: increase significant digits)
   iSobel/r51/n51               0.00           0.00           0.00  (VIOLATED: increase significant digits)
   iSobel/r459/n9               0.00           0.00           0.00  (VIOLATED: increase significant digits)
   iSobel/r459/n14              0.00           0.00           0.00  (VIOLATED: increase significant digits)
   iSobel/r459/n19              0.00           0.00           0.00  (VIOLATED: increase significant digits)
   iSobel/r459/n24              0.00           0.00           0.00  (VIOLATED: increase significant digits)
   iSobel/r459/n29              0.00           0.00           0.00  (VIOLATED: increase significant digits)
   iSobel/r459/n34              0.00           0.00           0.00  (VIOLATED: increase significant digits)
   iSobel/r459/n39              0.00           0.00           0.00  (VIOLATED: increase significant digits)
   iSobel/r465/n19              0.00           0.00           0.00  (VIOLATED: increase significant digits)
   iSobel/r465/n21              0.00           0.00           0.00  (VIOLATED: increase significant digits)
   iSobel/r465/n24              0.00           0.00           0.00  (VIOLATED: increase significant digits)
   iSobel/r465/n26              0.00           0.00           0.00  (VIOLATED: increase significant digits)
   iSobel/r465/n29              0.00           0.00           0.00  (VIOLATED: increase significant digits)
   iSobel/r465/n31              0.00           0.00           0.00  (VIOLATED: increase significant digits)
   iSobel/r465/n34              0.00           0.00           0.00  (VIOLATED: increase significant digits)
   iSobel/r465/n36              0.00           0.00           0.00  (VIOLATED: increase significant digits)
   iSobel/r465/n39              0.00           0.00           0.00  (VIOLATED: increase significant digits)
   iSobel/r465/n41              0.00           0.00           0.00  (VIOLATED: increase significant digits)
   iSobel/r465/n44              0.00           0.00           0.00  (VIOLATED: increase significant digits)
   iSobel/r465/n46              0.00           0.00           0.00  (VIOLATED: increase significant digits)
   iSobel/r465/n49              0.00           0.00           0.00  (VIOLATED: increase significant digits)
   iSobel/r465/n51              0.00           0.00           0.00  (VIOLATED: increase significant digits)
   iVidGen/N31                  0.00           0.00           0.00  (VIOLATED: increase significant digits)
   iVidGen/N32                  0.00           0.00           0.00  (VIOLATED: increase significant digits)
   iVidGen/N33                  0.00           0.00           0.00  (VIOLATED: increase significant digits)
   iVidGen/N34                  0.00           0.00           0.00  (VIOLATED: increase significant digits)
   iVidGen/N35                  0.00           0.00           0.00  (VIOLATED: increase significant digits)
   iVidGen/N36                  0.00           0.00           0.00  (VIOLATED: increase significant digits)
   iVidGen/N37                  0.00           0.00           0.00  (VIOLATED: increase significant digits)
   iVidGen/N38                  0.00           0.00           0.00  (VIOLATED: increase significant digits)
   iVidGen/N39                  0.00           0.00           0.00  (VIOLATED: increase significant digits)
   iVidGen/N40                  0.00           0.00           0.00  (VIOLATED: increase significant digits)
   iVidGen/N41                  0.00           0.00           0.00  (VIOLATED: increase significant digits)
   iVidGen/N42                  0.00           0.00           0.00  (VIOLATED: increase significant digits)
   iVidGen/N65                  0.00           0.00           0.00  (VIOLATED: increase significant digits)
   iVidGen/n12                  0.00           0.00           0.00  (VIOLATED: increase significant digits)
   iVidGen/n14                  0.00           0.00           0.00  (VIOLATED: increase significant digits)
   iVidGen/n23                  0.00           0.00           0.00  (VIOLATED: increase significant digits)
   iVidGen/n24                  0.00           0.00           0.00  (VIOLATED: increase significant digits)
   iVidGen/n28                  0.00           0.00           0.00  (VIOLATED: increase significant digits)
   iVidGen/n46                  0.00           0.00           0.00  (VIOLATED: increase significant digits)
   iVidGen/n65                  0.00           0.00           0.00  (VIOLATED: increase significant digits)
   iVidGen/n78                  0.00           0.00           0.00  (VIOLATED: increase significant digits)
   iVidGen/n82                  0.00           0.00           0.00  (VIOLATED: increase significant digits)
   iVidGen/n84                  0.00           0.00           0.00  (VIOLATED: increase significant digits)
   iVidGen/n86                  0.00           0.00           0.00  (VIOLATED: increase significant digits)
   iVidGen/n88                  0.00           0.00           0.00  (VIOLATED: increase significant digits)
   iVidGen/n90                  0.00           0.00           0.00  (VIOLATED: increase significant digits)
   iVidGen/n92                  0.00           0.00           0.00  (VIOLATED: increase significant digits)
   iVidGen/n94                  0.00           0.00           0.00  (VIOLATED: increase significant digits)
   iVidGen/n96                  0.00           0.00           0.00  (VIOLATED: increase significant digits)
   iVidGen/n98                  0.00           0.00           0.00  (VIOLATED: increase significant digits)
   iVidGen/n100                 0.00           0.00           0.00  (VIOLATED: increase significant digits)
   iVidGen/n102                 0.00           0.00           0.00  (VIOLATED: increase significant digits)
   iVidGen/n110                 0.00           0.00           0.00  (VIOLATED: increase significant digits)
   iVidGen/n112                 0.00           0.00           0.00  (VIOLATED: increase significant digits)
   iVidGen/n113                 0.00           0.00           0.00  (VIOLATED: increase significant digits)
   iVidGen/n119                 0.00           0.00           0.00  (VIOLATED: increase significant digits)
   iVidGen/n135                 0.00           0.00           0.00  (VIOLATED: increase significant digits)
   iSobel/g_mag[7]              0.00           0.00           0.00  (VIOLATED: increase significant digits)
   iSobel/g_mag[9]              0.00           0.00           0.00  (VIOLATED: increase significant digits)
   iSobel/n21                   0.00           0.00           0.00  (VIOLATED: increase significant digits)
   iSobel/n129                  0.00           0.00           0.00  (VIOLATED: increase significant digits)
   iSobel/n134                  0.00           0.00           0.00  (VIOLATED: increase significant digits)
   iSobel/r51/n13               0.00           0.00           0.00  (VIOLATED: increase significant digits)
   iSobel/r465/n13              0.00           0.00           0.00  (VIOLATED: increase significant digits)
   iVidGen/n10                  0.00           0.00           0.00  (VIOLATED: increase significant digits)
   iVidGen/n72                  0.00           0.00           0.00  (VIOLATED: increase significant digits)
   iVidGen/n77                  0.00           0.00           0.00  (VIOLATED: increase significant digits)
   iVidGen/n108                 0.00           0.00           0.00  (VIOLATED: increase significant digits)
   iVidGen/n117                 0.00           0.00           0.00  (VIOLATED: increase significant digits)
   iVidGen/n123                 0.00           0.00           0.00  (VIOLATED: increase significant digits)
   iVidGen/n147                 0.00           0.00           0.00  (VIOLATED: increase significant digits)
   iVidGen/q_hbp_done           0.00           0.00           0.00  (VIOLATED: increase significant digits)
   iSobel/n143                  0.00           0.00           0.00  (VIOLATED: increase significant digits)
   iSobel/n148                  0.00           0.00           0.00  (VIOLATED: increase significant digits)
   iVidGen/q_vact_done          0.00           0.00           0.00  (VIOLATED: increase significant digits)
   iSobel/gx[0]                 0.00           0.00           0.00  (VIOLATED: increase significant digits)
   iSobel/n131                  0.00           0.00           0.00  (VIOLATED: increase significant digits)
   iSobel/n139                  0.00           0.00           0.00  (VIOLATED: increase significant digits)
   iSobel/n145                  0.00           0.00           0.00  (VIOLATED: increase significant digits)
   iSobel/n153                  0.00           0.00           0.00  (VIOLATED: increase significant digits)
   iSobel/n156                  0.00           0.00           0.00  (VIOLATED: increase significant digits)
   iSobel/n160                  0.00           0.00           0.00  (VIOLATED: increase significant digits)
   iSobel/n163                  0.00           0.00           0.00  (VIOLATED: increase significant digits)
   iSobel/n166                  0.00           0.00           0.00  (VIOLATED: increase significant digits)
   iSobel/n169                  0.00           0.00           0.00  (VIOLATED: increase significant digits)
   iSobel/n172                  0.00           0.00           0.00  (VIOLATED: increase significant digits)
   iSobel/n175                  0.00           0.00           0.00  (VIOLATED: increase significant digits)
   iSobel/n178                  0.00           0.00           0.00  (VIOLATED: increase significant digits)
   iSobel/n182                  0.00           0.00           0.00  (VIOLATED: increase significant digits)
   iSobel/n187                  0.00           0.00           0.00  (VIOLATED: increase significant digits)
   iSobel/n192                  0.00           0.00           0.00  (VIOLATED: increase significant digits)
   iSobel/n197                  0.00           0.00           0.00  (VIOLATED: increase significant digits)
   iSobel/n202                  0.00           0.00           0.00  (VIOLATED: increase significant digits)
   iSobel/n207                  0.00           0.00           0.00  (VIOLATED: increase significant digits)
   iSobel/n212                  0.00           0.00           0.00  (VIOLATED: increase significant digits)
   iSobel/n217                  0.00           0.00           0.00  (VIOLATED: increase significant digits)
   iSobel/n222                  0.00           0.00           0.00  (VIOLATED: increase significant digits)
   iSobel/n226                  0.00           0.00           0.00  (VIOLATED: increase significant digits)
   iSobel/n229                  0.00           0.00           0.00  (VIOLATED: increase significant digits)
   iSobel/n232                  0.00           0.00           0.00  (VIOLATED: increase significant digits)
   iSobel/n235                  0.00           0.00           0.00  (VIOLATED: increase significant digits)
   iSobel/n238                  0.00           0.00           0.00  (VIOLATED: increase significant digits)
   iSobel/n241                  0.00           0.00           0.00  (VIOLATED: increase significant digits)
   iSobel/n244                  0.00           0.00           0.00  (VIOLATED: increase significant digits)
   iSobel/n258                  0.00           0.00           0.00  (VIOLATED: increase significant digits)
   iSobel/n261                  0.00           0.00           0.00  (VIOLATED: increase significant digits)
   iSobel/n265                  0.00           0.00           0.00  (VIOLATED: increase significant digits)
   iSobel/n269                  0.00           0.00           0.00  (VIOLATED: increase significant digits)
   iSobel/n273                  0.00           0.00           0.00  (VIOLATED: increase significant digits)
   iSobel/n277                  0.00           0.00           0.00  (VIOLATED: increase significant digits)
   iSobel/n281                  0.00           0.00           0.00  (VIOLATED: increase significant digits)
   iSobel/n296                  0.00           0.00           0.00  (VIOLATED: increase significant digits)
   iSobel/n299                  0.00           0.00           0.00  (VIOLATED: increase significant digits)
   iSobel/n303                  0.00           0.00           0.00  (VIOLATED: increase significant digits)
   iSobel/n307                  0.00           0.00           0.00  (VIOLATED: increase significant digits)
   iSobel/n311                  0.00           0.00           0.00  (VIOLATED: increase significant digits)
   iSobel/n315                  0.00           0.00           0.00  (VIOLATED: increase significant digits)
   iSobel/n319                  0.00           0.00           0.00  (VIOLATED: increase significant digits)
   iVidGen/n22                  0.00           0.00           0.00  (VIOLATED: increase significant digits)
   iVidGen/n61                  0.00           0.00           0.00  (VIOLATED: increase significant digits)
   iVidGen/n67                  0.00           0.00           0.00  (VIOLATED: increase significant digits)
   iVidGen/n74                  0.00           0.00           0.00  (VIOLATED: increase significant digits)
   iVidGen/n76                  0.00           0.00           0.00  (VIOLATED: increase significant digits)
   iVidGen/n106                 0.00           0.00           0.00  (VIOLATED: increase significant digits)
   iVidGen/n114                 0.00           0.00           0.00  (VIOLATED: increase significant digits)
   iVidGen/n118                 0.00           0.00           0.00  (VIOLATED: increase significant digits)
   iVidGen/n124                 0.00           0.00           0.00  (VIOLATED: increase significant digits)
   iVidGen/n127                 0.00           0.00           0.00  (VIOLATED: increase significant digits)
   iVidGen/n133                 0.00           0.00           0.00  (VIOLATED: increase significant digits)
   iVidGen/n141                 0.00           0.00           0.00  (VIOLATED: increase significant digits)
   iVidGen/n144                 0.00           0.00           0.00  (VIOLATED: increase significant digits)
   iVidGen/n149                 0.00           0.00           0.00  (VIOLATED: increase significant digits)
   iVidGen/n153                 0.00           0.00           0.00  (VIOLATED: increase significant digits)
   iVidGen/n155                 0.00           0.00           0.00  (VIOLATED: increase significant digits)
   iVidGen/q_vde                0.00           0.00           0.00  (VIOLATED: increase significant digits)
   iSobel/add_71/n38            0.00           0.00           0.00  (VIOLATED: increase significant digits)
   iSobel/n4                    0.00           0.00           0.00  (VIOLATED: increase significant digits)
   iSobel/n136                  0.00           0.00           0.00  (VIOLATED: increase significant digits)
   iSobel/n138                  0.00           0.00           0.00  (VIOLATED: increase significant digits)
   iSobel/n150                  0.00           0.00           0.00  (VIOLATED: increase significant digits)
   iSobel/n152                  0.00           0.00           0.00  (VIOLATED: increase significant digits)
   iSobel/n155                  0.00           0.00           0.00  (VIOLATED: increase significant digits)
   iSobel/n159                  0.00           0.00           0.00  (VIOLATED: increase significant digits)
   iSobel/n162                  0.00           0.00           0.00  (VIOLATED: increase significant digits)
   iSobel/n165                  0.00           0.00           0.00  (VIOLATED: increase significant digits)
   iSobel/n168                  0.00           0.00           0.00  (VIOLATED: increase significant digits)
   iSobel/n171                  0.00           0.00           0.00  (VIOLATED: increase significant digits)
   iSobel/n174                  0.00           0.00           0.00  (VIOLATED: increase significant digits)
   iSobel/n177                  0.00           0.00           0.00  (VIOLATED: increase significant digits)
   iSobel/n181                  0.00           0.00           0.00  (VIOLATED: increase significant digits)
   iSobel/n186                  0.00           0.00           0.00  (VIOLATED: increase significant digits)
   iSobel/n191                  0.00           0.00           0.00  (VIOLATED: increase significant digits)
   iSobel/n196                  0.00           0.00           0.00  (VIOLATED: increase significant digits)
   iSobel/n201                  0.00           0.00           0.00  (VIOLATED: increase significant digits)
   iSobel/n206                  0.00           0.00           0.00  (VIOLATED: increase significant digits)
   iSobel/n211                  0.00           0.00           0.00  (VIOLATED: increase significant digits)
   iSobel/n216                  0.00           0.00           0.00  (VIOLATED: increase significant digits)
   iSobel/n221                  0.00           0.00           0.00  (VIOLATED: increase significant digits)
   iSobel/n225                  0.00           0.00           0.00  (VIOLATED: increase significant digits)
   iSobel/n228                  0.00           0.00           0.00  (VIOLATED: increase significant digits)
   iSobel/n231                  0.00           0.00           0.00  (VIOLATED: increase significant digits)
   iSobel/n234                  0.00           0.00           0.00  (VIOLATED: increase significant digits)
   iSobel/n237                  0.00           0.00           0.00  (VIOLATED: increase significant digits)
   iSobel/n240                  0.00           0.00           0.00  (VIOLATED: increase significant digits)
   iSobel/n243                  0.00           0.00           0.00  (VIOLATED: increase significant digits)
   iSobel/n257                  0.00           0.00           0.00  (VIOLATED: increase significant digits)
   iSobel/n260                  0.00           0.00           0.00  (VIOLATED: increase significant digits)
   iSobel/n264                  0.00           0.00           0.00  (VIOLATED: increase significant digits)
   iSobel/n268                  0.00           0.00           0.00  (VIOLATED: increase significant digits)
   iSobel/n272                  0.00           0.00           0.00  (VIOLATED: increase significant digits)
   iSobel/n276                  0.00           0.00           0.00  (VIOLATED: increase significant digits)
   iSobel/n280                  0.00           0.00           0.00  (VIOLATED: increase significant digits)
   iSobel/n295                  0.00           0.00           0.00  (VIOLATED: increase significant digits)
   iSobel/n298                  0.00           0.00           0.00  (VIOLATED: increase significant digits)
   iSobel/n302                  0.00           0.00           0.00  (VIOLATED: increase significant digits)
   iSobel/n306                  0.00           0.00           0.00  (VIOLATED: increase significant digits)
   iSobel/n310                  0.00           0.00           0.00  (VIOLATED: increase significant digits)
   iSobel/n314                  0.00           0.00           0.00  (VIOLATED: increase significant digits)
   iSobel/n318                  0.00           0.00           0.00  (VIOLATED: increase significant digits)
   iVidGen/n21                  0.00           0.00           0.00  (VIOLATED: increase significant digits)
   iVidGen/n130                 0.00           0.00           0.00  (VIOLATED: increase significant digits)
   iVidGen/n138                 0.00           0.00           0.00  (VIOLATED: increase significant digits)
   iSobel/g_mag[8]              0.00           0.00           0.00  (VIOLATED: increase significant digits)
   iSobel/g_mag[10]             0.00           0.00           0.00  (VIOLATED: increase significant digits)
   iSobel/n11                   0.00           0.00           0.00  (VIOLATED: increase significant digits)
   iSobel/n12                   0.00           0.00           0.00  (VIOLATED: increase significant digits)
   iSobel/n130                  0.00           0.00           0.00  (VIOLATED: increase significant digits)
   iSobel/n135                  0.00           0.00           0.00  (VIOLATED: increase significant digits)
   iSobel/r51/n14               0.00           0.00           0.00  (VIOLATED: increase significant digits)
   iSobel/r51/n16               0.00           0.00           0.00  (VIOLATED: increase significant digits)
   iSobel/r465/n14              0.00           0.00           0.00  (VIOLATED: increase significant digits)
   iSobel/r465/n16              0.00           0.00           0.00  (VIOLATED: increase significant digits)
   iVidGen/n73                  0.00           0.00           0.00  (VIOLATED: increase significant digits)
   iVidGen/n107                 0.00           0.00           0.00  (VIOLATED: increase significant digits)
   iVidGen/n116                 0.00           0.00           0.00  (VIOLATED: increase significant digits)
   iVidGen/n122                 0.00           0.00           0.00  (VIOLATED: increase significant digits)
   iVidGen/n148                 0.00           0.00           0.00  (VIOLATED: increase significant digits)
   iVidGen/n150                 0.00           0.00           0.00  (VIOLATED: increase significant digits)
   n2                           0.00           0.00           0.00  (VIOLATED: increase significant digits)
   pix_vsync_dly                0.00           0.00           0.00  (VIOLATED: increase significant digits)
   iSobel/n140                  0.00           0.00           0.00  (VIOLATED: increase significant digits)
   iSobel/n144                  0.00           0.00           0.00  (VIOLATED: increase significant digits)
   iSobel/n149                  0.00           0.00           0.00  (VIOLATED: increase significant digits)
   iSobel/gy[0]                 0.00           0.00           0.00  (VIOLATED: increase significant digits)
   iSobel/n137                  0.00           0.00           0.00  (VIOLATED: increase significant digits)
   iSobel/n151                  0.00           0.00           0.00  (VIOLATED: increase significant digits)
   iSobel/n154                  0.00           0.00           0.00  (VIOLATED: increase significant digits)
   iSobel/n158                  0.00           0.00           0.00  (VIOLATED: increase significant digits)
   iSobel/n161                  0.00           0.00           0.00  (VIOLATED: increase significant digits)
   iSobel/n164                  0.00           0.00           0.00  (VIOLATED: increase significant digits)
   iSobel/n167                  0.00           0.00           0.00  (VIOLATED: increase significant digits)
   iSobel/n170                  0.00           0.00           0.00  (VIOLATED: increase significant digits)
   iSobel/n173                  0.00           0.00           0.00  (VIOLATED: increase significant digits)
   iSobel/n176                  0.00           0.00           0.00  (VIOLATED: increase significant digits)
   iSobel/n180                  0.00           0.00           0.00  (VIOLATED: increase significant digits)
   iSobel/n185                  0.00           0.00           0.00  (VIOLATED: increase significant digits)
   iSobel/n190                  0.00           0.00           0.00  (VIOLATED: increase significant digits)
   iSobel/n195                  0.00           0.00           0.00  (VIOLATED: increase significant digits)
   iSobel/n200                  0.00           0.00           0.00  (VIOLATED: increase significant digits)
   iSobel/n205                  0.00           0.00           0.00  (VIOLATED: increase significant digits)
   iSobel/n210                  0.00           0.00           0.00  (VIOLATED: increase significant digits)
   iSobel/n215                  0.00           0.00           0.00  (VIOLATED: increase significant digits)
   iSobel/n220                  0.00           0.00           0.00  (VIOLATED: increase significant digits)
   iSobel/n224                  0.00           0.00           0.00  (VIOLATED: increase significant digits)
   iSobel/n227                  0.00           0.00           0.00  (VIOLATED: increase significant digits)
   iSobel/n230                  0.00           0.00           0.00  (VIOLATED: increase significant digits)
   iSobel/n233                  0.00           0.00           0.00  (VIOLATED: increase significant digits)
   iSobel/n236                  0.00           0.00           0.00  (VIOLATED: increase significant digits)
   iSobel/n239                  0.00           0.00           0.00  (VIOLATED: increase significant digits)
   iSobel/n242                  0.00           0.00           0.00  (VIOLATED: increase significant digits)
   iSobel/n256                  0.00           0.00           0.00  (VIOLATED: increase significant digits)
   iSobel/n259                  0.00           0.00           0.00  (VIOLATED: increase significant digits)
   iSobel/n263                  0.00           0.00           0.00  (VIOLATED: increase significant digits)
   iSobel/n267                  0.00           0.00           0.00  (VIOLATED: increase significant digits)
   iSobel/n271                  0.00           0.00           0.00  (VIOLATED: increase significant digits)
   iSobel/n275                  0.00           0.00           0.00  (VIOLATED: increase significant digits)
   iSobel/n279                  0.00           0.00           0.00  (VIOLATED: increase significant digits)
   iSobel/n294                  0.00           0.00           0.00  (VIOLATED: increase significant digits)
   iSobel/n297                  0.00           0.00           0.00  (VIOLATED: increase significant digits)
   iSobel/n301                  0.00           0.00           0.00  (VIOLATED: increase significant digits)
   iSobel/n305                  0.00           0.00           0.00  (VIOLATED: increase significant digits)
   iSobel/n309                  0.00           0.00           0.00  (VIOLATED: increase significant digits)
   iSobel/n313                  0.00           0.00           0.00  (VIOLATED: increase significant digits)
   iSobel/n317                  0.00           0.00           0.00  (VIOLATED: increase significant digits)
   iVidGen/n20                  0.00           0.00           0.00  (VIOLATED: increase significant digits)
   iVidGen/n60                  0.00           0.00           0.00  (VIOLATED: increase significant digits)
   iVidGen/n126                 0.00           0.00           0.00  (VIOLATED: increase significant digits)
   iVidGen/n131                 0.00           0.00           0.00  (VIOLATED: increase significant digits)
   iVidGen/n140                 0.00           0.00           0.00  (VIOLATED: increase significant digits)
   iVidGen/n154                 0.00           0.00           0.00  (VIOLATED: increase significant digits)
   iVidGen/q_hde                0.00           0.00           0.00  (VIOLATED: increase significant digits)
   iSobel/U3/U2/Z_0             0.00           0.00           0.00  (VIOLATED: increase significant digits)
   iSobel/U3/U2/Z_2             0.00           0.00           0.00  (VIOLATED: increase significant digits)
   iSobel/U3/U2/Z_3             0.00           0.00           0.00  (VIOLATED: increase significant digits)
   iSobel/U3/U2/Z_4             0.00           0.00           0.00  (VIOLATED: increase significant digits)
   iSobel/U3/U2/Z_5             0.00           0.00           0.00  (VIOLATED: increase significant digits)
   iSobel/U3/U2/Z_6             0.00           0.00           0.00  (VIOLATED: increase significant digits)
   iSobel/U3/U2/Z_7             0.00           0.00           0.00  (VIOLATED: increase significant digits)
   iSobel/U3/U4/Z_0             0.00           0.00           0.00  (VIOLATED: increase significant digits)
   iSobel/U3/U4/Z_2             0.00           0.00           0.00  (VIOLATED: increase significant digits)
   iSobel/U3/U4/Z_3             0.00           0.00           0.00  (VIOLATED: increase significant digits)
   iSobel/U3/U4/Z_4             0.00           0.00           0.00  (VIOLATED: increase significant digits)
   iSobel/U3/U4/Z_5             0.00           0.00           0.00  (VIOLATED: increase significant digits)
   iSobel/U3/U4/Z_6             0.00           0.00           0.00  (VIOLATED: increase significant digits)
   iSobel/U3/U4/Z_7             0.00           0.00           0.00  (VIOLATED: increase significant digits)
   iSobel/U3/U6/Z_8             0.00           0.00           0.00  (VIOLATED: increase significant digits)
   iSobel/r51/n17               0.00           0.00           0.00  (VIOLATED: increase significant digits)
   iSobel/r465/n17              0.00           0.00           0.00  (VIOLATED: increase significant digits)
   iVidGen/add_131/n13          0.00           0.00           0.00  (VIOLATED: increase significant digits)
   iVidGen/add_131/n14          0.00           0.00           0.00  (VIOLATED: increase significant digits)
   iVidGen/add_131/n15          0.00           0.00           0.00  (VIOLATED: increase significant digits)
   iVidGen/add_131/n16          0.00           0.00           0.00  (VIOLATED: increase significant digits)
   iVidGen/add_135/n13          0.00           0.00           0.00  (VIOLATED: increase significant digits)
   iVidGen/add_135/n14          0.00           0.00           0.00  (VIOLATED: increase significant digits)
   iVidGen/add_135/n15          0.00           0.00           0.00  (VIOLATED: increase significant digits)
   iVidGen/add_135/n16          0.00           0.00           0.00  (VIOLATED: increase significant digits)
   iSobel/n9                    0.00           0.00           0.00  (VIOLATED: increase significant digits)
   iVidGen/n56                  0.00           0.00           0.00  (VIOLATED: increase significant digits)
   iVidGen/N64                  0.00           0.00           0.00  (VIOLATED: increase significant digits)
   iVidGen/N70                  0.00           0.00           0.00  (VIOLATED: increase significant digits)
   iVidGen/n47                  0.00           0.00           0.00  (VIOLATED: increase significant digits)
   iSobel/n248                  0.00           0.00           0.00  (VIOLATED: increase significant digits)
   iSobel/n286                  0.00           0.00           0.00  (VIOLATED: increase significant digits)
   iVidGen/n33                  0.00           0.00           0.00  (VIOLATED: increase significant digits)
   iVidGen/n36                  0.00           0.00           0.00  (VIOLATED: increase significant digits)
   iVidGen/n31                  0.00           0.00           0.00  (VIOLATED: increase significant digits)
   iVidGen/n136                 0.00           0.00           0.00  (VIOLATED: increase significant digits)
   iSobel/n96                   0.00           0.00           0.00  (VIOLATED: increase significant digits)
   iSobel/n247                  0.00           0.00           0.00  (VIOLATED: increase significant digits)
   iSobel/n285                  0.00           0.00           0.00  (VIOLATED: increase significant digits)
   iSobel/done                  0.00           0.00           0.00  (VIOLATED: increase significant digits)
   iVidGen/N69                  0.00           0.00           0.00  (VIOLATED: increase significant digits)
   iVidGen/n11                  0.00           0.00           0.00  (VIOLATED: increase significant digits)
   iVidGen/n75                  0.00           0.00           0.00  (VIOLATED: increase significant digits)
   iVidGen/n115                 0.00           0.00           0.00  (VIOLATED: increase significant digits)
   iSobel/N120                  0.00           0.00           0.00  (VIOLATED: increase significant digits)
   iSobel/U3/U2/Z_9             0.00           0.00           0.00  (VIOLATED: increase significant digits)
   iSobel/U3/U4/Z_9             0.00           0.00           0.00  (VIOLATED: increase significant digits)
   iSobel/r50/n16               0.00           0.00           0.00  (VIOLATED: increase significant digits)
   iSobel/r50/n26               0.00           0.00           0.00  (VIOLATED: increase significant digits)
   iSobel/r51/n11               0.00           0.00           0.00  (VIOLATED: increase significant digits)
   iSobel/r459/n13              0.00           0.00           0.00  (VIOLATED: increase significant digits)
   iSobel/r459/n23              0.00           0.00           0.00  (VIOLATED: increase significant digits)
   iSobel/r459/n33              0.00           0.00           0.00  (VIOLATED: increase significant digits)
   iSobel/r465/n11              0.00           0.00           0.00  (VIOLATED: increase significant digits)
   iVidGen/add_131/n6           0.00           0.00           0.00  (VIOLATED: increase significant digits)
   iVidGen/add_135/n6           0.00           0.00           0.00  (VIOLATED: increase significant digits)
   iVidGen/q_hctr[11]           0.00           0.00           0.00  (VIOLATED: increase significant digits)
   iVidGen/n29                  0.00           0.00           0.00  (VIOLATED: increase significant digits)
   iVidGen/n32                  0.00           0.00           0.00  (VIOLATED: increase significant digits)
   iVidGen/n64                  0.00           0.00           0.00  (VIOLATED: increase significant digits)

   -----------------------------------------------------------------
   Total                      614                -0.97  

   max_area

                             Required        Actual
   Design                      Area           Area           Slack
   -----------------------------------------------------------------
   edge_detection_top           0.00       20292.76       -20292.76 (VIOLATED)


1
