Information: Propagating switching activity (low effort zero delay simulation). (PWR-6)
Warning: Design has unannotated primary inputs. (PWR-414)
Warning: Design has unannotated sequential cell outputs. (PWR-415)
 
****************************************
Report : power
        -analysis_effort low
Design : edge_detection_top
Version: K-2015.06-SP5-6
Date   : Fri Dec  4 17:55:18 2020
****************************************


Library(s) Used:

    sclib_tsmc180_ss (File: /research/ece/lnis-teaching/Designkits/tsmc180nm/full_custom_lib/lib/sclib_tsmc180_ss_nldm.db)


Operating Conditions: PVT_1P8V_25C   Library: sclib_tsmc180_ss
Wire Load Model Mode: top


Global Operating Voltage = 1.8  
Power-specific unit information :
    Voltage Units = 1V
    Capacitance Units = 1.000000pf
    Time Units = 1ns
    Dynamic Power Units = 1mW    (derived from V,C,T units)
    Leakage Power Units = 1nW


  Cell Internal Power  =  51.1256 mW   (90%)
  Net Switching Power  =   5.9320 mW   (10%)
                         ---------
Total Dynamic Power    =  57.0576 mW  (100%)

Cell Leakage Power     =   3.7484 uW


                 Internal         Switching           Leakage            Total
Power Group      Power            Power               Power              Power   (   %    )  Attrs
--------------------------------------------------------------------------------------------------
io_pad             0.0000            0.0000            0.0000            0.0000  (   0.00%)
memory             0.0000            0.0000            0.0000            0.0000  (   0.00%)
black_box          0.0000            0.0000            0.0000            0.0000  (   0.00%)
clock_network  6.1291e-03        5.7428e-03            0.3466        1.1872e-02  (   0.02%)
register          50.2744        9.8729e-03        1.0892e+03           50.2833  (  88.11%)
sequential         0.0000            0.0000            0.0000            0.0000  (   0.00%)
combinational      0.8533            5.9164        2.6588e+03            6.7727  (  11.87%)
--------------------------------------------------------------------------------------------------
Total             51.1338 mW         5.9320 mW     3.7484e+03 nW        57.0678 mW
1
