 
****************************************
Report : timing
        -path full
        -delay max
        -max_paths 1
Design : edge_detection_top
Version: K-2015.06-SP5-6
Date   : Wed Dec  9 01:02:58 2020
****************************************

 # A fanout number of 1000 was used for high fanout net computations.

Operating Conditions: PVT_1P8V_25C   Library: sclib_tsmc180_ss
Wire Load Model Mode: top

  Startpoint: iBMCC/q_frame_buffer_write_enable_reg
              (rising edge-triggered flip-flop clocked by I_CORE_CLK)
  Endpoint: iBMCC/iGrayscaledFrameBufferMatrix3/q_o_pixel_matrix_reg[63]
            (rising edge-triggered flip-flop clocked by I_CORE_CLK)
  Path Group: I_CORE_CLK
  Path Type: max

  Point                                                   Incr       Path
  --------------------------------------------------------------------------
  clock I_CORE_CLK (rise edge)                            0.00       0.00
  clock network delay (ideal)                             0.00       0.00
  iBMCC/q_frame_buffer_write_enable_reg/CLK (DFFQQBX1)
                                                          0.00 #     0.00 r
  iBMCC/q_frame_buffer_write_enable_reg/Q (DFFQQBX1)      0.17       0.17 f
  iBMCC/q_frame_buffer_write_enable_reg/QB (DFFQQBX1)     0.10       0.28 r
  iBMCC/U132/Z (NAND2X1)                                  0.05       0.33 f
  iBMCC/U131/Z (NAND2X1)                                  0.88       1.21 r
  iBMCC/iGrayscaledFrameBufferMatrix3/I_ROW[1] (frame_buffer_matrix3_P_COLUMNS640_P_ROWS3_P_PIXEL_DEPTH3_P_MATRIX_PIXEL_DEPTH8)
                                                          0.00       1.21 r
  iBMCC/iGrayscaledFrameBufferMatrix3/U7/Z (INVX2)        0.22       1.42 f
  iBMCC/iGrayscaledFrameBufferMatrix3/U173/Z (INVX2)      0.99       2.41 r
  iBMCC/iGrayscaledFrameBufferMatrix3/U18/Z (OR2X1)       0.82       3.23 r
  iBMCC/iGrayscaledFrameBufferMatrix3/U77/Z (INVX2)       1.03       4.27 f
  iBMCC/iGrayscaledFrameBufferMatrix3/U8/Z (NOR2X1)       0.27       4.54 r
  iBMCC/iGrayscaledFrameBufferMatrix3/U120/Z (INVX2)      0.65       5.19 f
  iBMCC/iGrayscaledFrameBufferMatrix3/U52893/Z (NOR2X1)
                                                          1.11       6.30 r
  iBMCC/iGrayscaledFrameBufferMatrix3/U5/Z (INVX1)        0.56       6.86 f
  iBMCC/iGrayscaledFrameBufferMatrix3/U13/Z (INVX2)       1.12       7.98 r
  iBMCC/iGrayscaledFrameBufferMatrix3/U50793/Z (NAND2X1)
                                                          0.07       8.05 f
  iBMCC/iGrayscaledFrameBufferMatrix3/U50791/Z (NAND3X1)
                                                          0.15       8.20 r
  iBMCC/iGrayscaledFrameBufferMatrix3/U2921/Z (INVX2)     0.07       8.27 f
  iBMCC/iGrayscaledFrameBufferMatrix3/U50790/Z (NOR2X1)
                                                          0.08       8.35 r
  iBMCC/iGrayscaledFrameBufferMatrix3/U50789/Z (NOR2X1)
                                                          0.07       8.42 f
  iBMCC/iGrayscaledFrameBufferMatrix3/U50788/Z (NAND3X1)
                                                          0.12       8.55 r
  iBMCC/iGrayscaledFrameBufferMatrix3/U50771/Z (NOR2X1)
                                                          0.09       8.63 f
  iBMCC/iGrayscaledFrameBufferMatrix3/U50770/Z (AND2X1)
                                                          0.12       8.75 f
  iBMCC/iGrayscaledFrameBufferMatrix3/U50769/Z (NAND3X1)
                                                          0.11       8.86 r
  iBMCC/iGrayscaledFrameBufferMatrix3/U50768/Z (NAND2X1)
                                                          0.06       8.91 f
  iBMCC/iGrayscaledFrameBufferMatrix3/U50754/Z (NAND3X1)
                                                          0.11       9.03 r
  iBMCC/iGrayscaledFrameBufferMatrix3/U50069/Z (NOR2X1)
                                                          0.09       9.12 f
  iBMCC/iGrayscaledFrameBufferMatrix3/U49908/Z (NAND3X1)
                                                          0.08       9.20 r
  iBMCC/iGrayscaledFrameBufferMatrix3/U49907/Z (NOR2X1)
                                                          0.07       9.27 f
  iBMCC/iGrayscaledFrameBufferMatrix3/U48633/Z (NAND3X1)
                                                          0.08       9.35 r
  iBMCC/iGrayscaledFrameBufferMatrix3/U48632/Z (OR2X1)
                                                          0.10       9.45 r
  iBMCC/iGrayscaledFrameBufferMatrix3/U48631/Z (NAND2X1)
                                                          0.05       9.50 f
  iBMCC/iGrayscaledFrameBufferMatrix3/U48630/Z (NAND2X1)
                                                          0.12       9.62 r
  iBMCC/iGrayscaledFrameBufferMatrix3/q_o_pixel_matrix_reg[63]/D (DFFQX1)
                                                          0.00       9.62 r
  data arrival time                                                  9.62

  clock I_CORE_CLK (rise edge)                           10.00      10.00
  clock network delay (ideal)                             0.00      10.00
  iBMCC/iGrayscaledFrameBufferMatrix3/q_o_pixel_matrix_reg[63]/CLK (DFFQX1)
                                                          0.00      10.00 r
  library setup time                                     -0.12       9.88
  data required time                                                 9.88
  --------------------------------------------------------------------------
  data required time                                                 9.88
  data arrival time                                                 -9.62
  --------------------------------------------------------------------------
  slack (MET)                                                        0.26


  Startpoint: iVidGen/q_hctr_reg[0]
              (rising edge-triggered flip-flop clocked by I_PCLK)
  Endpoint: iVidGen/q_hact_done_reg
            (rising edge-triggered flip-flop clocked by I_PCLK)
  Path Group: I_PCLK
  Path Type: max

  Point                                                   Incr       Path
  --------------------------------------------------------------------------
  clock I_PCLK (rise edge)                                0.00       0.00
  clock network delay (ideal)                             0.00       0.00
  iVidGen/q_hctr_reg[0]/CLK (DFFQX1)                      0.00       0.00 r
  iVidGen/q_hctr_reg[0]/Q (DFFQX1)                        0.21       0.21 f
  iVidGen/add_133/A[0] (video_timing_gen_05f_08f_30f_31f_002_023_203_20d_0_DW01_inc_1)
                                                          0.00       0.21 f
  iVidGen/add_133/U27/Z (NAND3X1)                         0.15       0.36 r
  iVidGen/add_133/U4/Z (INVX2)                            0.09       0.46 f
  iVidGen/add_133/U26/Z (NAND3X1)                         0.12       0.57 r
  iVidGen/add_133/U3/Z (INVX2)                            0.09       0.66 f
  iVidGen/add_133/U25/Z (NAND3X1)                         0.12       0.78 r
  iVidGen/add_133/U2/Z (INVX2)                            0.09       0.87 f
  iVidGen/add_133/U24/Z (NAND3X1)                         0.12       0.99 r
  iVidGen/add_133/U1/Z (INVX2)                            0.08       1.07 f
  iVidGen/add_133/U23/Z (AND2X1)                          0.16       1.23 f
  iVidGen/add_133/U21/Z (AND2X1)                          0.15       1.38 f
  iVidGen/add_133/U20/Z (XOR2X1)                          0.18       1.56 f
  iVidGen/add_133/SUM[11] (video_timing_gen_05f_08f_30f_31f_002_023_203_20d_0_DW01_inc_1)
                                                          0.00       1.56 f
  iVidGen/U199/Z (AND2X1)                                 0.13       1.69 f
  iVidGen/U197/Z (NOR2X1)                                 0.14       1.83 r
  iVidGen/U178/Z (NAND2X1)                                0.08       1.91 f
  iVidGen/U177/Z (AND2X1)                                 0.14       2.05 f
  iVidGen/q_hact_done_reg/D (DFFQX1)                      0.00       2.05 f
  data arrival time                                                  2.05

  clock I_PCLK (rise edge)                               79.44      79.44
  clock network delay (ideal)                             0.00      79.44
  iVidGen/q_hact_done_reg/CLK (DFFQX1)                    0.00      79.44 r
  library setup time                                     -0.11      79.33
  data required time                                                79.33
  --------------------------------------------------------------------------
  data required time                                                79.33
  data arrival time                                                 -2.05
  --------------------------------------------------------------------------
  slack (MET)                                                       77.28


1
