Loading db file '/research/ece/lnis-teaching/Designkits/tsmc180nm/full_custom_lib/lib/sclib_tsmc180_ss_nldm.db'
Information: Propagating switching activity (low effort zero delay simulation). (PWR-6)
Warning: Design has unannotated primary inputs. (PWR-414)
Warning: Design has unannotated sequential cell outputs. (PWR-415)
 
****************************************
Report : power
        -analysis_effort low
Design : edge_detection_top
Version: K-2015.06-SP5-6
Date   : Mon Dec  7 20:52:26 2020
****************************************


Library(s) Used:

    sclib_tsmc180_ss (File: /research/ece/lnis-teaching/Designkits/tsmc180nm/full_custom_lib/lib/sclib_tsmc180_ss_nldm.db)


Operating Conditions: PVT_1P8V_25C   Library: sclib_tsmc180_ss
Wire Load Model Mode: top


Global Operating Voltage = 1.8  
Power-specific unit information :
    Voltage Units = 1V
    Capacitance Units = 1.000000pf
    Time Units = 1ns
    Dynamic Power Units = 1mW    (derived from V,C,T units)
    Leakage Power Units = 1nW


  Cell Internal Power  =   7.9139 mW   (85%)
  Net Switching Power  =   1.3870 mW   (15%)
                         ---------
Total Dynamic Power    =   9.3009 mW  (100%)

Cell Leakage Power     =   1.7961 uW


                 Internal         Switching           Leakage            Total
Power Group      Power            Power               Power              Power   (   %    )  Attrs
--------------------------------------------------------------------------------------------------
io_pad             0.0000            0.0000            0.0000            0.0000  (   0.00%)
memory             0.0000            0.0000            0.0000            0.0000  (   0.00%)
black_box          0.0000            0.0000            0.0000            0.0000  (   0.00%)
clock_network  1.6060e-03        1.4529e-03            0.3405        3.0593e-03  (   0.03%)
register           7.6032        3.5170e-03          551.5200            7.6072  (  81.78%)
sequential         0.0000            0.0000            0.0000            0.0000  (   0.00%)
combinational      0.3088            1.3820        1.2443e+03            1.6921  (  18.19%)
--------------------------------------------------------------------------------------------------
Total              7.9136 mW         1.3870 mW     1.7961e+03 nW         9.3023 mW
1
