Information: Updating design information... (UID-85)
 
****************************************
Report : constraint
        -all_violators
Design : sobel
Version: K-2015.06-SP5-6
Date   : Mon Nov 30 11:51:31 2020
****************************************


   min_capacitance

                             Required        Actual
   Net                      Capacitance    Capacitance       Slack
   -----------------------------------------------------------------
   out[0]                       0.00           0.00           0.00  (VIOLATED: increase significant digits)
   out[1]                       0.00           0.00           0.00  (VIOLATED: increase significant digits)
   out[2]                       0.00           0.00           0.00  (VIOLATED: increase significant digits)
   out[3]                       0.00           0.00           0.00  (VIOLATED: increase significant digits)
   out[4]                       0.00           0.00           0.00  (VIOLATED: increase significant digits)
   out[5]                       0.00           0.00           0.00  (VIOLATED: increase significant digits)
   out[6]                       0.00           0.00           0.00  (VIOLATED: increase significant digits)
   out[7]                       0.00           0.00           0.00  (VIOLATED: increase significant digits)
   add_0_root_add_0_root_add_190_2/n8     0.00     0.00       0.00  (VIOLATED: increase significant digits)
   add_0_root_add_0_root_add_190_2/n9     0.00     0.00       0.00  (VIOLATED: increase significant digits)
   add_0_root_add_0_root_add_190_2/n13     0.00     0.00      0.00  (VIOLATED: increase significant digits)
   add_0_root_add_0_root_add_190_2/n14     0.00     0.00      0.00  (VIOLATED: increase significant digits)
   add_0_root_add_0_root_add_190_2/n18     0.00     0.00      0.00  (VIOLATED: increase significant digits)
   add_0_root_add_0_root_add_190_2/n19     0.00     0.00      0.00  (VIOLATED: increase significant digits)
   add_0_root_add_0_root_add_190_2/n23     0.00     0.00      0.00  (VIOLATED: increase significant digits)
   add_0_root_add_0_root_add_190_2/n24     0.00     0.00      0.00  (VIOLATED: increase significant digits)
   add_0_root_add_0_root_add_190_2/n28     0.00     0.00      0.00  (VIOLATED: increase significant digits)
   add_0_root_add_0_root_add_190_2/n29     0.00     0.00      0.00  (VIOLATED: increase significant digits)
   add_0_root_add_0_root_add_190_2/n33     0.00     0.00      0.00  (VIOLATED: increase significant digits)
   add_0_root_add_0_root_add_190_2/n34     0.00     0.00      0.00  (VIOLATED: increase significant digits)
   add_0_root_add_0_root_add_190_2/n38     0.00     0.00      0.00  (VIOLATED: increase significant digits)
   add_0_root_add_0_root_add_190_2/n39     0.00     0.00      0.00  (VIOLATED: increase significant digits)
   add_0_root_add_0_root_add_200_2/n8     0.00     0.00       0.00  (VIOLATED: increase significant digits)
   add_0_root_add_0_root_add_200_2/n9     0.00     0.00       0.00  (VIOLATED: increase significant digits)
   add_0_root_add_0_root_add_200_2/n13     0.00     0.00      0.00  (VIOLATED: increase significant digits)
   add_0_root_add_0_root_add_200_2/n14     0.00     0.00      0.00  (VIOLATED: increase significant digits)
   add_0_root_add_0_root_add_200_2/n18     0.00     0.00      0.00  (VIOLATED: increase significant digits)
   add_0_root_add_0_root_add_200_2/n19     0.00     0.00      0.00  (VIOLATED: increase significant digits)
   add_0_root_add_0_root_add_200_2/n23     0.00     0.00      0.00  (VIOLATED: increase significant digits)
   add_0_root_add_0_root_add_200_2/n24     0.00     0.00      0.00  (VIOLATED: increase significant digits)
   add_0_root_add_0_root_add_200_2/n28     0.00     0.00      0.00  (VIOLATED: increase significant digits)
   add_0_root_add_0_root_add_200_2/n29     0.00     0.00      0.00  (VIOLATED: increase significant digits)
   add_0_root_add_0_root_add_200_2/n33     0.00     0.00      0.00  (VIOLATED: increase significant digits)
   add_0_root_add_0_root_add_200_2/n34     0.00     0.00      0.00  (VIOLATED: increase significant digits)
   add_0_root_add_0_root_add_200_2/n38     0.00     0.00      0.00  (VIOLATED: increase significant digits)
   add_0_root_add_0_root_add_200_2/n39     0.00     0.00      0.00  (VIOLATED: increase significant digits)
   add_0_root_add_0_root_add_210_2/n8     0.00     0.00       0.00  (VIOLATED: increase significant digits)
   add_0_root_add_0_root_add_210_2/n9     0.00     0.00       0.00  (VIOLATED: increase significant digits)
   add_0_root_add_0_root_add_210_2/n13     0.00     0.00      0.00  (VIOLATED: increase significant digits)
   add_0_root_add_0_root_add_210_2/n14     0.00     0.00      0.00  (VIOLATED: increase significant digits)
   add_0_root_add_0_root_add_210_2/n18     0.00     0.00      0.00  (VIOLATED: increase significant digits)
   add_0_root_add_0_root_add_210_2/n19     0.00     0.00      0.00  (VIOLATED: increase significant digits)
   add_0_root_add_0_root_add_210_2/n23     0.00     0.00      0.00  (VIOLATED: increase significant digits)
   add_0_root_add_0_root_add_210_2/n24     0.00     0.00      0.00  (VIOLATED: increase significant digits)
   add_0_root_add_0_root_add_210_2/n28     0.00     0.00      0.00  (VIOLATED: increase significant digits)
   add_0_root_add_0_root_add_210_2/n29     0.00     0.00      0.00  (VIOLATED: increase significant digits)
   add_0_root_add_0_root_add_210_2/n33     0.00     0.00      0.00  (VIOLATED: increase significant digits)
   add_0_root_add_0_root_add_210_2/n34     0.00     0.00      0.00  (VIOLATED: increase significant digits)
   add_0_root_add_0_root_add_210_2/n38     0.00     0.00      0.00  (VIOLATED: increase significant digits)
   add_0_root_add_0_root_add_210_2/n39     0.00     0.00      0.00  (VIOLATED: increase significant digits)
   add_0_root_add_0_root_add_223_2/n8     0.00     0.00       0.00  (VIOLATED: increase significant digits)
   add_0_root_add_0_root_add_223_2/n9     0.00     0.00       0.00  (VIOLATED: increase significant digits)
   add_0_root_add_0_root_add_223_2/n13     0.00     0.00      0.00  (VIOLATED: increase significant digits)
   add_0_root_add_0_root_add_223_2/n14     0.00     0.00      0.00  (VIOLATED: increase significant digits)
   add_0_root_add_0_root_add_223_2/n18     0.00     0.00      0.00  (VIOLATED: increase significant digits)
   add_0_root_add_0_root_add_223_2/n19     0.00     0.00      0.00  (VIOLATED: increase significant digits)
   add_0_root_add_0_root_add_223_2/n23     0.00     0.00      0.00  (VIOLATED: increase significant digits)
   add_0_root_add_0_root_add_223_2/n24     0.00     0.00      0.00  (VIOLATED: increase significant digits)
   add_0_root_add_0_root_add_223_2/n28     0.00     0.00      0.00  (VIOLATED: increase significant digits)
   add_0_root_add_0_root_add_223_2/n29     0.00     0.00      0.00  (VIOLATED: increase significant digits)
   add_0_root_add_0_root_add_223_2/n33     0.00     0.00      0.00  (VIOLATED: increase significant digits)
   add_0_root_add_0_root_add_223_2/n34     0.00     0.00      0.00  (VIOLATED: increase significant digits)
   add_0_root_add_0_root_add_223_2/n38     0.00     0.00      0.00  (VIOLATED: increase significant digits)
   add_0_root_add_0_root_add_223_2/n39     0.00     0.00      0.00  (VIOLATED: increase significant digits)
   add_1_root_add_0_root_add_190_2/n8     0.00     0.00       0.00  (VIOLATED: increase significant digits)
   add_1_root_add_0_root_add_190_2/n9     0.00     0.00       0.00  (VIOLATED: increase significant digits)
   add_1_root_add_0_root_add_190_2/n13     0.00     0.00      0.00  (VIOLATED: increase significant digits)
   add_1_root_add_0_root_add_190_2/n14     0.00     0.00      0.00  (VIOLATED: increase significant digits)
   add_1_root_add_0_root_add_190_2/n18     0.00     0.00      0.00  (VIOLATED: increase significant digits)
   add_1_root_add_0_root_add_190_2/n19     0.00     0.00      0.00  (VIOLATED: increase significant digits)
   add_1_root_add_0_root_add_190_2/n23     0.00     0.00      0.00  (VIOLATED: increase significant digits)
   add_1_root_add_0_root_add_190_2/n24     0.00     0.00      0.00  (VIOLATED: increase significant digits)
   add_1_root_add_0_root_add_190_2/n28     0.00     0.00      0.00  (VIOLATED: increase significant digits)
   add_1_root_add_0_root_add_190_2/n29     0.00     0.00      0.00  (VIOLATED: increase significant digits)
   add_1_root_add_0_root_add_190_2/n33     0.00     0.00      0.00  (VIOLATED: increase significant digits)
   add_1_root_add_0_root_add_190_2/n34     0.00     0.00      0.00  (VIOLATED: increase significant digits)
   add_1_root_add_0_root_add_190_2/n38     0.00     0.00      0.00  (VIOLATED: increase significant digits)
   add_1_root_add_0_root_add_190_2/n39     0.00     0.00      0.00  (VIOLATED: increase significant digits)
   add_1_root_add_0_root_add_200_2/n8     0.00     0.00       0.00  (VIOLATED: increase significant digits)
   add_1_root_add_0_root_add_200_2/n9     0.00     0.00       0.00  (VIOLATED: increase significant digits)
   add_1_root_add_0_root_add_200_2/n13     0.00     0.00      0.00  (VIOLATED: increase significant digits)
   add_1_root_add_0_root_add_200_2/n14     0.00     0.00      0.00  (VIOLATED: increase significant digits)
   add_1_root_add_0_root_add_200_2/n18     0.00     0.00      0.00  (VIOLATED: increase significant digits)
   add_1_root_add_0_root_add_200_2/n19     0.00     0.00      0.00  (VIOLATED: increase significant digits)
   add_1_root_add_0_root_add_200_2/n23     0.00     0.00      0.00  (VIOLATED: increase significant digits)
   add_1_root_add_0_root_add_200_2/n24     0.00     0.00      0.00  (VIOLATED: increase significant digits)
   add_1_root_add_0_root_add_200_2/n28     0.00     0.00      0.00  (VIOLATED: increase significant digits)
   add_1_root_add_0_root_add_200_2/n29     0.00     0.00      0.00  (VIOLATED: increase significant digits)
   add_1_root_add_0_root_add_200_2/n33     0.00     0.00      0.00  (VIOLATED: increase significant digits)
   add_1_root_add_0_root_add_200_2/n34     0.00     0.00      0.00  (VIOLATED: increase significant digits)
   add_1_root_add_0_root_add_200_2/n38     0.00     0.00      0.00  (VIOLATED: increase significant digits)
   add_1_root_add_0_root_add_200_2/n39     0.00     0.00      0.00  (VIOLATED: increase significant digits)
   add_1_root_add_0_root_add_210_2/n8     0.00     0.00       0.00  (VIOLATED: increase significant digits)
   add_1_root_add_0_root_add_210_2/n9     0.00     0.00       0.00  (VIOLATED: increase significant digits)
   add_1_root_add_0_root_add_210_2/n13     0.00     0.00      0.00  (VIOLATED: increase significant digits)
   add_1_root_add_0_root_add_210_2/n14     0.00     0.00      0.00  (VIOLATED: increase significant digits)
   add_1_root_add_0_root_add_210_2/n18     0.00     0.00      0.00  (VIOLATED: increase significant digits)
   add_1_root_add_0_root_add_210_2/n19     0.00     0.00      0.00  (VIOLATED: increase significant digits)
   add_1_root_add_0_root_add_210_2/n23     0.00     0.00      0.00  (VIOLATED: increase significant digits)
   add_1_root_add_0_root_add_210_2/n24     0.00     0.00      0.00  (VIOLATED: increase significant digits)
   add_1_root_add_0_root_add_210_2/n28     0.00     0.00      0.00  (VIOLATED: increase significant digits)
   add_1_root_add_0_root_add_210_2/n29     0.00     0.00      0.00  (VIOLATED: increase significant digits)
   add_1_root_add_0_root_add_210_2/n33     0.00     0.00      0.00  (VIOLATED: increase significant digits)
   add_1_root_add_0_root_add_210_2/n34     0.00     0.00      0.00  (VIOLATED: increase significant digits)
   add_1_root_add_0_root_add_210_2/n38     0.00     0.00      0.00  (VIOLATED: increase significant digits)
   add_1_root_add_0_root_add_210_2/n39     0.00     0.00      0.00  (VIOLATED: increase significant digits)
   add_1_root_add_0_root_add_223_2/n8     0.00     0.00       0.00  (VIOLATED: increase significant digits)
   add_1_root_add_0_root_add_223_2/n9     0.00     0.00       0.00  (VIOLATED: increase significant digits)
   add_1_root_add_0_root_add_223_2/n13     0.00     0.00      0.00  (VIOLATED: increase significant digits)
   add_1_root_add_0_root_add_223_2/n14     0.00     0.00      0.00  (VIOLATED: increase significant digits)
   add_1_root_add_0_root_add_223_2/n18     0.00     0.00      0.00  (VIOLATED: increase significant digits)
   add_1_root_add_0_root_add_223_2/n19     0.00     0.00      0.00  (VIOLATED: increase significant digits)
   add_1_root_add_0_root_add_223_2/n23     0.00     0.00      0.00  (VIOLATED: increase significant digits)
   add_1_root_add_0_root_add_223_2/n24     0.00     0.00      0.00  (VIOLATED: increase significant digits)
   add_1_root_add_0_root_add_223_2/n28     0.00     0.00      0.00  (VIOLATED: increase significant digits)
   add_1_root_add_0_root_add_223_2/n29     0.00     0.00      0.00  (VIOLATED: increase significant digits)
   add_1_root_add_0_root_add_223_2/n33     0.00     0.00      0.00  (VIOLATED: increase significant digits)
   add_1_root_add_0_root_add_223_2/n34     0.00     0.00      0.00  (VIOLATED: increase significant digits)
   add_1_root_add_0_root_add_223_2/n38     0.00     0.00      0.00  (VIOLATED: increase significant digits)
   add_1_root_add_0_root_add_223_2/n39     0.00     0.00      0.00  (VIOLATED: increase significant digits)
   add_65/n8                    0.00           0.00           0.00  (VIOLATED: increase significant digits)
   add_65/n9                    0.00           0.00           0.00  (VIOLATED: increase significant digits)
   add_65/n11                   0.00           0.00           0.00  (VIOLATED: increase significant digits)
   add_65/n12                   0.00           0.00           0.00  (VIOLATED: increase significant digits)
   add_65/n14                   0.00           0.00           0.00  (VIOLATED: increase significant digits)
   add_65/n15                   0.00           0.00           0.00  (VIOLATED: increase significant digits)
   add_65/n17                   0.00           0.00           0.00  (VIOLATED: increase significant digits)
   add_65/n18                   0.00           0.00           0.00  (VIOLATED: increase significant digits)
   add_65/n21                   0.00           0.00           0.00  (VIOLATED: increase significant digits)
   add_65/n22                   0.00           0.00           0.00  (VIOLATED: increase significant digits)
   add_65/n25                   0.00           0.00           0.00  (VIOLATED: increase significant digits)
   add_65/n26                   0.00           0.00           0.00  (VIOLATED: increase significant digits)
   add_65/n29                   0.00           0.00           0.00  (VIOLATED: increase significant digits)
   add_65/n30                   0.00           0.00           0.00  (VIOLATED: increase significant digits)
   add_65/n33                   0.00           0.00           0.00  (VIOLATED: increase significant digits)
   add_65/n34                   0.00           0.00           0.00  (VIOLATED: increase significant digits)
   add_65/n37                   0.00           0.00           0.00  (VIOLATED: increase significant digits)
   n80                          0.00           0.00           0.00  (VIOLATED: increase significant digits)
   n84                          0.00           0.00           0.00  (VIOLATED: increase significant digits)
   n86                          0.00           0.00           0.00  (VIOLATED: increase significant digits)
   n88                          0.00           0.00           0.00  (VIOLATED: increase significant digits)
   n90                          0.00           0.00           0.00  (VIOLATED: increase significant digits)
   n92                          0.00           0.00           0.00  (VIOLATED: increase significant digits)
   n94                          0.00           0.00           0.00  (VIOLATED: increase significant digits)
   n96                          0.00           0.00           0.00  (VIOLATED: increase significant digits)
   n98                          0.00           0.00           0.00  (VIOLATED: increase significant digits)
   n100                         0.00           0.00           0.00  (VIOLATED: increase significant digits)
   n107                         0.00           0.00           0.00  (VIOLATED: increase significant digits)
   n111                         0.00           0.00           0.00  (VIOLATED: increase significant digits)
   n113                         0.00           0.00           0.00  (VIOLATED: increase significant digits)
   n115                         0.00           0.00           0.00  (VIOLATED: increase significant digits)
   n117                         0.00           0.00           0.00  (VIOLATED: increase significant digits)
   n119                         0.00           0.00           0.00  (VIOLATED: increase significant digits)
   n121                         0.00           0.00           0.00  (VIOLATED: increase significant digits)
   n123                         0.00           0.00           0.00  (VIOLATED: increase significant digits)
   n125                         0.00           0.00           0.00  (VIOLATED: increase significant digits)
   n127                         0.00           0.00           0.00  (VIOLATED: increase significant digits)
   n130                         0.00           0.00           0.00  (VIOLATED: increase significant digits)
   n134                         0.00           0.00           0.00  (VIOLATED: increase significant digits)
   n136                         0.00           0.00           0.00  (VIOLATED: increase significant digits)
   n138                         0.00           0.00           0.00  (VIOLATED: increase significant digits)
   n140                         0.00           0.00           0.00  (VIOLATED: increase significant digits)
   n142                         0.00           0.00           0.00  (VIOLATED: increase significant digits)
   n144                         0.00           0.00           0.00  (VIOLATED: increase significant digits)
   n146                         0.00           0.00           0.00  (VIOLATED: increase significant digits)
   n148                         0.00           0.00           0.00  (VIOLATED: increase significant digits)
   n150                         0.00           0.00           0.00  (VIOLATED: increase significant digits)
   n154                         0.00           0.00           0.00  (VIOLATED: increase significant digits)
   n158                         0.00           0.00           0.00  (VIOLATED: increase significant digits)
   n160                         0.00           0.00           0.00  (VIOLATED: increase significant digits)
   n162                         0.00           0.00           0.00  (VIOLATED: increase significant digits)
   n164                         0.00           0.00           0.00  (VIOLATED: increase significant digits)
   n166                         0.00           0.00           0.00  (VIOLATED: increase significant digits)
   n168                         0.00           0.00           0.00  (VIOLATED: increase significant digits)
   n170                         0.00           0.00           0.00  (VIOLATED: increase significant digits)
   n172                         0.00           0.00           0.00  (VIOLATED: increase significant digits)
   n174                         0.00           0.00           0.00  (VIOLATED: increase significant digits)
   n185                         0.00           0.00           0.00  (VIOLATED: increase significant digits)
   n188                         0.00           0.00           0.00  (VIOLATED: increase significant digits)
   n190                         0.00           0.00           0.00  (VIOLATED: increase significant digits)
   n194                         0.00           0.00           0.00  (VIOLATED: increase significant digits)
   n198                         0.00           0.00           0.00  (VIOLATED: increase significant digits)
   n200                         0.00           0.00           0.00  (VIOLATED: increase significant digits)
   n202                         0.00           0.00           0.00  (VIOLATED: increase significant digits)
   n204                         0.00           0.00           0.00  (VIOLATED: increase significant digits)
   n206                         0.00           0.00           0.00  (VIOLATED: increase significant digits)
   n208                         0.00           0.00           0.00  (VIOLATED: increase significant digits)
   n210                         0.00           0.00           0.00  (VIOLATED: increase significant digits)
   n212                         0.00           0.00           0.00  (VIOLATED: increase significant digits)
   n214                         0.00           0.00           0.00  (VIOLATED: increase significant digits)
   n216                         0.00           0.00           0.00  (VIOLATED: increase significant digits)
   n218                         0.00           0.00           0.00  (VIOLATED: increase significant digits)
   n220                         0.00           0.00           0.00  (VIOLATED: increase significant digits)
   n222                         0.00           0.00           0.00  (VIOLATED: increase significant digits)
   n224                         0.00           0.00           0.00  (VIOLATED: increase significant digits)
   n226                         0.00           0.00           0.00  (VIOLATED: increase significant digits)
   n228                         0.00           0.00           0.00  (VIOLATED: increase significant digits)
   n230                         0.00           0.00           0.00  (VIOLATED: increase significant digits)
   n232                         0.00           0.00           0.00  (VIOLATED: increase significant digits)
   n234                         0.00           0.00           0.00  (VIOLATED: increase significant digits)
   n236                         0.00           0.00           0.00  (VIOLATED: increase significant digits)
   n238                         0.00           0.00           0.00  (VIOLATED: increase significant digits)
   n239                         0.00           0.00           0.00  (VIOLATED: increase significant digits)
   n241                         0.00           0.00           0.00  (VIOLATED: increase significant digits)
   n243                         0.00           0.00           0.00  (VIOLATED: increase significant digits)
   n255                         0.00           0.00           0.00  (VIOLATED: increase significant digits)
   n311                         0.00           0.00           0.00  (VIOLATED: increase significant digits)
   n313                         0.00           0.00           0.00  (VIOLATED: increase significant digits)
   n328                         0.00           0.00           0.00  (VIOLATED: increase significant digits)
   n330                         0.00           0.00           0.00  (VIOLATED: increase significant digits)
   n343                         0.00           0.00           0.00  (VIOLATED: increase significant digits)
   n354                         0.00           0.00           0.00  (VIOLATED: increase significant digits)
   n356                         0.00           0.00           0.00  (VIOLATED: increase significant digits)
   n371                         0.00           0.00           0.00  (VIOLATED: increase significant digits)
   n373                         0.00           0.00           0.00  (VIOLATED: increase significant digits)
   n392                         0.00           0.00           0.00  (VIOLATED: increase significant digits)
   sub_60_S2/n9                 0.00           0.00           0.00  (VIOLATED: increase significant digits)
   sub_60_S2/n20                0.00           0.00           0.00  (VIOLATED: increase significant digits)
   sub_60_S2/n25                0.00           0.00           0.00  (VIOLATED: increase significant digits)
   sub_60_S2/n30                0.00           0.00           0.00  (VIOLATED: increase significant digits)
   sub_60_S2/n35                0.00           0.00           0.00  (VIOLATED: increase significant digits)
   sub_60_S2/n40                0.00           0.00           0.00  (VIOLATED: increase significant digits)
   sub_60_S2/n45                0.00           0.00           0.00  (VIOLATED: increase significant digits)
   sub_60_S2/n50                0.00           0.00           0.00  (VIOLATED: increase significant digits)
   sub_60_S2/n54                0.00           0.00           0.00  (VIOLATED: increase significant digits)
   sub_61/n8                    0.00           0.00           0.00  (VIOLATED: increase significant digits)
   sub_61/n20                   0.00           0.00           0.00  (VIOLATED: increase significant digits)
   sub_61/n25                   0.00           0.00           0.00  (VIOLATED: increase significant digits)
   sub_61/n30                   0.00           0.00           0.00  (VIOLATED: increase significant digits)
   sub_61/n35                   0.00           0.00           0.00  (VIOLATED: increase significant digits)
   sub_61/n40                   0.00           0.00           0.00  (VIOLATED: increase significant digits)
   sub_61/n45                   0.00           0.00           0.00  (VIOLATED: increase significant digits)
   sub_61/n50                   0.00           0.00           0.00  (VIOLATED: increase significant digits)
   sub_61/n54                   0.00           0.00           0.00  (VIOLATED: increase significant digits)
   sub_62_S2/n8                 0.00           0.00           0.00  (VIOLATED: increase significant digits)
   sub_62_S2/n20                0.00           0.00           0.00  (VIOLATED: increase significant digits)
   sub_62_S2/n25                0.00           0.00           0.00  (VIOLATED: increase significant digits)
   sub_62_S2/n30                0.00           0.00           0.00  (VIOLATED: increase significant digits)
   sub_62_S2/n35                0.00           0.00           0.00  (VIOLATED: increase significant digits)
   sub_62_S2/n40                0.00           0.00           0.00  (VIOLATED: increase significant digits)
   sub_62_S2/n45                0.00           0.00           0.00  (VIOLATED: increase significant digits)
   sub_62_S2/n50                0.00           0.00           0.00  (VIOLATED: increase significant digits)
   sub_62_S2/n54                0.00           0.00           0.00  (VIOLATED: increase significant digits)
   sub_63/n9                    0.00           0.00           0.00  (VIOLATED: increase significant digits)
   sub_63/n20                   0.00           0.00           0.00  (VIOLATED: increase significant digits)
   sub_63/n25                   0.00           0.00           0.00  (VIOLATED: increase significant digits)
   sub_63/n30                   0.00           0.00           0.00  (VIOLATED: increase significant digits)
   sub_63/n35                   0.00           0.00           0.00  (VIOLATED: increase significant digits)
   sub_63/n40                   0.00           0.00           0.00  (VIOLATED: increase significant digits)
   sub_63/n45                   0.00           0.00           0.00  (VIOLATED: increase significant digits)
   sub_63/n50                   0.00           0.00           0.00  (VIOLATED: increase significant digits)
   sub_63/n54                   0.00           0.00           0.00  (VIOLATED: increase significant digits)
   n103                         0.00           0.00           0.00  (VIOLATED: increase significant digits)
   n128                         0.00           0.00           0.00  (VIOLATED: increase significant digits)
   n151                         0.00           0.00           0.00  (VIOLATED: increase significant digits)
   n175                         0.00           0.00           0.00  (VIOLATED: increase significant digits)
   n266                         0.00           0.00           0.00  (VIOLATED: increase significant digits)
   n331                         0.00           0.00           0.00  (VIOLATED: increase significant digits)
   n374                         0.00           0.00           0.00  (VIOLATED: increase significant digits)
   n332                         0.00           0.00           0.00  (VIOLATED: increase significant digits)
   n375                         0.00           0.00           0.00  (VIOLATED: increase significant digits)
   N13                          0.00           0.00           0.00  (VIOLATED: increase significant digits)
   N14                          0.00           0.00           0.00  (VIOLATED: increase significant digits)
   N15                          0.00           0.00           0.00  (VIOLATED: increase significant digits)
   N16                          0.00           0.00           0.00  (VIOLATED: increase significant digits)
   N17                          0.00           0.00           0.00  (VIOLATED: increase significant digits)
   N18                          0.00           0.00           0.00  (VIOLATED: increase significant digits)
   N19                          0.00           0.00           0.00  (VIOLATED: increase significant digits)
   N20                          0.00           0.00           0.00  (VIOLATED: increase significant digits)
   N21                          0.00           0.00           0.00  (VIOLATED: increase significant digits)
   N22                          0.00           0.00           0.00  (VIOLATED: increase significant digits)
   N23                          0.00           0.00           0.00  (VIOLATED: increase significant digits)
   N24                          0.00           0.00           0.00  (VIOLATED: increase significant digits)
   N25                          0.00           0.00           0.00  (VIOLATED: increase significant digits)
   N26                          0.00           0.00           0.00  (VIOLATED: increase significant digits)
   N27                          0.00           0.00           0.00  (VIOLATED: increase significant digits)
   N28                          0.00           0.00           0.00  (VIOLATED: increase significant digits)
   N29                          0.00           0.00           0.00  (VIOLATED: increase significant digits)
   N30                          0.00           0.00           0.00  (VIOLATED: increase significant digits)
   N31                          0.00           0.00           0.00  (VIOLATED: increase significant digits)
   N32                          0.00           0.00           0.00  (VIOLATED: increase significant digits)
   N35                          0.00           0.00           0.00  (VIOLATED: increase significant digits)
   N36                          0.00           0.00           0.00  (VIOLATED: increase significant digits)
   N37                          0.00           0.00           0.00  (VIOLATED: increase significant digits)
   N38                          0.00           0.00           0.00  (VIOLATED: increase significant digits)
   N39                          0.00           0.00           0.00  (VIOLATED: increase significant digits)
   N40                          0.00           0.00           0.00  (VIOLATED: increase significant digits)
   N41                          0.00           0.00           0.00  (VIOLATED: increase significant digits)
   N42                          0.00           0.00           0.00  (VIOLATED: increase significant digits)
   N43                          0.00           0.00           0.00  (VIOLATED: increase significant digits)
   N44                          0.00           0.00           0.00  (VIOLATED: increase significant digits)
   N45                          0.00           0.00           0.00  (VIOLATED: increase significant digits)
   N46                          0.00           0.00           0.00  (VIOLATED: increase significant digits)
   N47                          0.00           0.00           0.00  (VIOLATED: increase significant digits)
   N48                          0.00           0.00           0.00  (VIOLATED: increase significant digits)
   N49                          0.00           0.00           0.00  (VIOLATED: increase significant digits)
   N50                          0.00           0.00           0.00  (VIOLATED: increase significant digits)
   N51                          0.00           0.00           0.00  (VIOLATED: increase significant digits)
   N52                          0.00           0.00           0.00  (VIOLATED: increase significant digits)
   N53                          0.00           0.00           0.00  (VIOLATED: increase significant digits)
   N54                          0.00           0.00           0.00  (VIOLATED: increase significant digits)
   N81                          0.00           0.00           0.00  (VIOLATED: increase significant digits)
   N82                          0.00           0.00           0.00  (VIOLATED: increase significant digits)
   N83                          0.00           0.00           0.00  (VIOLATED: increase significant digits)
   N84                          0.00           0.00           0.00  (VIOLATED: increase significant digits)
   N85                          0.00           0.00           0.00  (VIOLATED: increase significant digits)
   N86                          0.00           0.00           0.00  (VIOLATED: increase significant digits)
   N87                          0.00           0.00           0.00  (VIOLATED: increase significant digits)
   N88                          0.00           0.00           0.00  (VIOLATED: increase significant digits)
   N89                          0.00           0.00           0.00  (VIOLATED: increase significant digits)
   N90                          0.00           0.00           0.00  (VIOLATED: increase significant digits)
   N101                         0.00           0.00           0.00  (VIOLATED: increase significant digits)
   N102                         0.00           0.00           0.00  (VIOLATED: increase significant digits)
   N103                         0.00           0.00           0.00  (VIOLATED: increase significant digits)
   N104                         0.00           0.00           0.00  (VIOLATED: increase significant digits)
   N105                         0.00           0.00           0.00  (VIOLATED: increase significant digits)
   N106                         0.00           0.00           0.00  (VIOLATED: increase significant digits)
   N107                         0.00           0.00           0.00  (VIOLATED: increase significant digits)
   N108                         0.00           0.00           0.00  (VIOLATED: increase significant digits)
   N109                         0.00           0.00           0.00  (VIOLATED: increase significant digits)
   N110                         0.00           0.00           0.00  (VIOLATED: increase significant digits)
   N121                         0.00           0.00           0.00  (VIOLATED: increase significant digits)
   N122                         0.00           0.00           0.00  (VIOLATED: increase significant digits)
   N123                         0.00           0.00           0.00  (VIOLATED: increase significant digits)
   N124                         0.00           0.00           0.00  (VIOLATED: increase significant digits)
   N125                         0.00           0.00           0.00  (VIOLATED: increase significant digits)
   N126                         0.00           0.00           0.00  (VIOLATED: increase significant digits)
   N127                         0.00           0.00           0.00  (VIOLATED: increase significant digits)
   N128                         0.00           0.00           0.00  (VIOLATED: increase significant digits)
   N129                         0.00           0.00           0.00  (VIOLATED: increase significant digits)
   N130                         0.00           0.00           0.00  (VIOLATED: increase significant digits)
   N141                         0.00           0.00           0.00  (VIOLATED: increase significant digits)
   N142                         0.00           0.00           0.00  (VIOLATED: increase significant digits)
   N143                         0.00           0.00           0.00  (VIOLATED: increase significant digits)
   N144                         0.00           0.00           0.00  (VIOLATED: increase significant digits)
   N145                         0.00           0.00           0.00  (VIOLATED: increase significant digits)
   N146                         0.00           0.00           0.00  (VIOLATED: increase significant digits)
   N147                         0.00           0.00           0.00  (VIOLATED: increase significant digits)
   N148                         0.00           0.00           0.00  (VIOLATED: increase significant digits)
   N149                         0.00           0.00           0.00  (VIOLATED: increase significant digits)
   N150                         0.00           0.00           0.00  (VIOLATED: increase significant digits)
   add_0_root_add_0_root_add_190_2/n7     0.00     0.00       0.00  (VIOLATED: increase significant digits)
   add_0_root_add_0_root_add_190_2/n12     0.00     0.00      0.00  (VIOLATED: increase significant digits)
   add_0_root_add_0_root_add_190_2/n17     0.00     0.00      0.00  (VIOLATED: increase significant digits)
   add_0_root_add_0_root_add_190_2/n22     0.00     0.00      0.00  (VIOLATED: increase significant digits)
   add_0_root_add_0_root_add_190_2/n27     0.00     0.00      0.00  (VIOLATED: increase significant digits)
   add_0_root_add_0_root_add_190_2/n32     0.00     0.00      0.00  (VIOLATED: increase significant digits)
   add_0_root_add_0_root_add_190_2/n37     0.00     0.00      0.00  (VIOLATED: increase significant digits)
   add_0_root_add_0_root_add_200_2/n7     0.00     0.00       0.00  (VIOLATED: increase significant digits)
   add_0_root_add_0_root_add_200_2/n12     0.00     0.00      0.00  (VIOLATED: increase significant digits)
   add_0_root_add_0_root_add_200_2/n17     0.00     0.00      0.00  (VIOLATED: increase significant digits)
   add_0_root_add_0_root_add_200_2/n22     0.00     0.00      0.00  (VIOLATED: increase significant digits)
   add_0_root_add_0_root_add_200_2/n27     0.00     0.00      0.00  (VIOLATED: increase significant digits)
   add_0_root_add_0_root_add_200_2/n32     0.00     0.00      0.00  (VIOLATED: increase significant digits)
   add_0_root_add_0_root_add_200_2/n37     0.00     0.00      0.00  (VIOLATED: increase significant digits)
   add_0_root_add_0_root_add_210_2/n7     0.00     0.00       0.00  (VIOLATED: increase significant digits)
   add_0_root_add_0_root_add_210_2/n12     0.00     0.00      0.00  (VIOLATED: increase significant digits)
   add_0_root_add_0_root_add_210_2/n17     0.00     0.00      0.00  (VIOLATED: increase significant digits)
   add_0_root_add_0_root_add_210_2/n22     0.00     0.00      0.00  (VIOLATED: increase significant digits)
   add_0_root_add_0_root_add_210_2/n27     0.00     0.00      0.00  (VIOLATED: increase significant digits)
   add_0_root_add_0_root_add_210_2/n32     0.00     0.00      0.00  (VIOLATED: increase significant digits)
   add_0_root_add_0_root_add_210_2/n37     0.00     0.00      0.00  (VIOLATED: increase significant digits)
   add_0_root_add_0_root_add_223_2/n7     0.00     0.00       0.00  (VIOLATED: increase significant digits)
   add_0_root_add_0_root_add_223_2/n12     0.00     0.00      0.00  (VIOLATED: increase significant digits)
   add_0_root_add_0_root_add_223_2/n17     0.00     0.00      0.00  (VIOLATED: increase significant digits)
   add_0_root_add_0_root_add_223_2/n22     0.00     0.00      0.00  (VIOLATED: increase significant digits)
   add_0_root_add_0_root_add_223_2/n27     0.00     0.00      0.00  (VIOLATED: increase significant digits)
   add_0_root_add_0_root_add_223_2/n32     0.00     0.00      0.00  (VIOLATED: increase significant digits)
   add_0_root_add_0_root_add_223_2/n37     0.00     0.00      0.00  (VIOLATED: increase significant digits)
   add_1_root_add_0_root_add_190_2/n7     0.00     0.00       0.00  (VIOLATED: increase significant digits)
   add_1_root_add_0_root_add_190_2/n12     0.00     0.00      0.00  (VIOLATED: increase significant digits)
   add_1_root_add_0_root_add_190_2/n17     0.00     0.00      0.00  (VIOLATED: increase significant digits)
   add_1_root_add_0_root_add_190_2/n22     0.00     0.00      0.00  (VIOLATED: increase significant digits)
   add_1_root_add_0_root_add_190_2/n27     0.00     0.00      0.00  (VIOLATED: increase significant digits)
   add_1_root_add_0_root_add_190_2/n32     0.00     0.00      0.00  (VIOLATED: increase significant digits)
   add_1_root_add_0_root_add_190_2/n37     0.00     0.00      0.00  (VIOLATED: increase significant digits)
   add_1_root_add_0_root_add_200_2/n7     0.00     0.00       0.00  (VIOLATED: increase significant digits)
   add_1_root_add_0_root_add_200_2/n12     0.00     0.00      0.00  (VIOLATED: increase significant digits)
   add_1_root_add_0_root_add_200_2/n17     0.00     0.00      0.00  (VIOLATED: increase significant digits)
   add_1_root_add_0_root_add_200_2/n22     0.00     0.00      0.00  (VIOLATED: increase significant digits)
   add_1_root_add_0_root_add_200_2/n27     0.00     0.00      0.00  (VIOLATED: increase significant digits)
   add_1_root_add_0_root_add_200_2/n32     0.00     0.00      0.00  (VIOLATED: increase significant digits)
   add_1_root_add_0_root_add_200_2/n37     0.00     0.00      0.00  (VIOLATED: increase significant digits)
   add_1_root_add_0_root_add_210_2/n7     0.00     0.00       0.00  (VIOLATED: increase significant digits)
   add_1_root_add_0_root_add_210_2/n12     0.00     0.00      0.00  (VIOLATED: increase significant digits)
   add_1_root_add_0_root_add_210_2/n17     0.00     0.00      0.00  (VIOLATED: increase significant digits)
   add_1_root_add_0_root_add_210_2/n22     0.00     0.00      0.00  (VIOLATED: increase significant digits)
   add_1_root_add_0_root_add_210_2/n27     0.00     0.00      0.00  (VIOLATED: increase significant digits)
   add_1_root_add_0_root_add_210_2/n32     0.00     0.00      0.00  (VIOLATED: increase significant digits)
   add_1_root_add_0_root_add_210_2/n37     0.00     0.00      0.00  (VIOLATED: increase significant digits)
   add_1_root_add_0_root_add_223_2/n7     0.00     0.00       0.00  (VIOLATED: increase significant digits)
   add_1_root_add_0_root_add_223_2/n12     0.00     0.00      0.00  (VIOLATED: increase significant digits)
   add_1_root_add_0_root_add_223_2/n17     0.00     0.00      0.00  (VIOLATED: increase significant digits)
   add_1_root_add_0_root_add_223_2/n22     0.00     0.00      0.00  (VIOLATED: increase significant digits)
   add_1_root_add_0_root_add_223_2/n27     0.00     0.00      0.00  (VIOLATED: increase significant digits)
   add_1_root_add_0_root_add_223_2/n32     0.00     0.00      0.00  (VIOLATED: increase significant digits)
   add_1_root_add_0_root_add_223_2/n37     0.00     0.00      0.00  (VIOLATED: increase significant digits)
   add_65/n7                    0.00           0.00           0.00  (VIOLATED: increase significant digits)
   add_65/n10                   0.00           0.00           0.00  (VIOLATED: increase significant digits)
   add_65/n13                   0.00           0.00           0.00  (VIOLATED: increase significant digits)
   add_65/n16                   0.00           0.00           0.00  (VIOLATED: increase significant digits)
   add_65/n20                   0.00           0.00           0.00  (VIOLATED: increase significant digits)
   add_65/n24                   0.00           0.00           0.00  (VIOLATED: increase significant digits)
   add_65/n28                   0.00           0.00           0.00  (VIOLATED: increase significant digits)
   add_65/n32                   0.00           0.00           0.00  (VIOLATED: increase significant digits)
   add_65/n36                   0.00           0.00           0.00  (VIOLATED: increase significant digits)
   gx_ex[2]                     0.00           0.00           0.00  (VIOLATED: increase significant digits)
   gx_ex[3]                     0.00           0.00           0.00  (VIOLATED: increase significant digits)
   gx_ex[4]                     0.00           0.00           0.00  (VIOLATED: increase significant digits)
   gx_ex[5]                     0.00           0.00           0.00  (VIOLATED: increase significant digits)
   gx_ex[6]                     0.00           0.00           0.00  (VIOLATED: increase significant digits)
   n79                          0.00           0.00           0.00  (VIOLATED: increase significant digits)
   n83                          0.00           0.00           0.00  (VIOLATED: increase significant digits)
   n85                          0.00           0.00           0.00  (VIOLATED: increase significant digits)
   n87                          0.00           0.00           0.00  (VIOLATED: increase significant digits)
   n89                          0.00           0.00           0.00  (VIOLATED: increase significant digits)
   n91                          0.00           0.00           0.00  (VIOLATED: increase significant digits)
   n93                          0.00           0.00           0.00  (VIOLATED: increase significant digits)
   n95                          0.00           0.00           0.00  (VIOLATED: increase significant digits)
   n97                          0.00           0.00           0.00  (VIOLATED: increase significant digits)
   n99                          0.00           0.00           0.00  (VIOLATED: increase significant digits)
   n106                         0.00           0.00           0.00  (VIOLATED: increase significant digits)
   n110                         0.00           0.00           0.00  (VIOLATED: increase significant digits)
   n112                         0.00           0.00           0.00  (VIOLATED: increase significant digits)
   n114                         0.00           0.00           0.00  (VIOLATED: increase significant digits)
   n116                         0.00           0.00           0.00  (VIOLATED: increase significant digits)
   n118                         0.00           0.00           0.00  (VIOLATED: increase significant digits)
   n120                         0.00           0.00           0.00  (VIOLATED: increase significant digits)
   n122                         0.00           0.00           0.00  (VIOLATED: increase significant digits)
   n124                         0.00           0.00           0.00  (VIOLATED: increase significant digits)
   n126                         0.00           0.00           0.00  (VIOLATED: increase significant digits)
   n129                         0.00           0.00           0.00  (VIOLATED: increase significant digits)
   n133                         0.00           0.00           0.00  (VIOLATED: increase significant digits)
   n135                         0.00           0.00           0.00  (VIOLATED: increase significant digits)
   n137                         0.00           0.00           0.00  (VIOLATED: increase significant digits)
   n139                         0.00           0.00           0.00  (VIOLATED: increase significant digits)
   n141                         0.00           0.00           0.00  (VIOLATED: increase significant digits)
   n143                         0.00           0.00           0.00  (VIOLATED: increase significant digits)
   n145                         0.00           0.00           0.00  (VIOLATED: increase significant digits)
   n147                         0.00           0.00           0.00  (VIOLATED: increase significant digits)
   n149                         0.00           0.00           0.00  (VIOLATED: increase significant digits)
   n153                         0.00           0.00           0.00  (VIOLATED: increase significant digits)
   n157                         0.00           0.00           0.00  (VIOLATED: increase significant digits)
   n159                         0.00           0.00           0.00  (VIOLATED: increase significant digits)
   n161                         0.00           0.00           0.00  (VIOLATED: increase significant digits)
   n163                         0.00           0.00           0.00  (VIOLATED: increase significant digits)
   n165                         0.00           0.00           0.00  (VIOLATED: increase significant digits)
   n167                         0.00           0.00           0.00  (VIOLATED: increase significant digits)
   n169                         0.00           0.00           0.00  (VIOLATED: increase significant digits)
   n171                         0.00           0.00           0.00  (VIOLATED: increase significant digits)
   n173                         0.00           0.00           0.00  (VIOLATED: increase significant digits)
   n184                         0.00           0.00           0.00  (VIOLATED: increase significant digits)
   n189                         0.00           0.00           0.00  (VIOLATED: increase significant digits)
   n193                         0.00           0.00           0.00  (VIOLATED: increase significant digits)
   n197                         0.00           0.00           0.00  (VIOLATED: increase significant digits)
   n199                         0.00           0.00           0.00  (VIOLATED: increase significant digits)
   n201                         0.00           0.00           0.00  (VIOLATED: increase significant digits)
   n203                         0.00           0.00           0.00  (VIOLATED: increase significant digits)
   n205                         0.00           0.00           0.00  (VIOLATED: increase significant digits)
   n207                         0.00           0.00           0.00  (VIOLATED: increase significant digits)
   n209                         0.00           0.00           0.00  (VIOLATED: increase significant digits)
   n211                         0.00           0.00           0.00  (VIOLATED: increase significant digits)
   n213                         0.00           0.00           0.00  (VIOLATED: increase significant digits)
   n215                         0.00           0.00           0.00  (VIOLATED: increase significant digits)
   n217                         0.00           0.00           0.00  (VIOLATED: increase significant digits)
   n219                         0.00           0.00           0.00  (VIOLATED: increase significant digits)
   n221                         0.00           0.00           0.00  (VIOLATED: increase significant digits)
   n223                         0.00           0.00           0.00  (VIOLATED: increase significant digits)
   n225                         0.00           0.00           0.00  (VIOLATED: increase significant digits)
   n227                         0.00           0.00           0.00  (VIOLATED: increase significant digits)
   n229                         0.00           0.00           0.00  (VIOLATED: increase significant digits)
   n231                         0.00           0.00           0.00  (VIOLATED: increase significant digits)
   n233                         0.00           0.00           0.00  (VIOLATED: increase significant digits)
   n235                         0.00           0.00           0.00  (VIOLATED: increase significant digits)
   n237                         0.00           0.00           0.00  (VIOLATED: increase significant digits)
   n240                         0.00           0.00           0.00  (VIOLATED: increase significant digits)
   n242                         0.00           0.00           0.00  (VIOLATED: increase significant digits)
   n254                         0.00           0.00           0.00  (VIOLATED: increase significant digits)
   n312                         0.00           0.00           0.00  (VIOLATED: increase significant digits)
   n314                         0.00           0.00           0.00  (VIOLATED: increase significant digits)
   n321                         0.00           0.00           0.00  (VIOLATED: increase significant digits)
   n329                         0.00           0.00           0.00  (VIOLATED: increase significant digits)
   n352                         0.00           0.00           0.00  (VIOLATED: increase significant digits)
   n355                         0.00           0.00           0.00  (VIOLATED: increase significant digits)
   n357                         0.00           0.00           0.00  (VIOLATED: increase significant digits)
   n364                         0.00           0.00           0.00  (VIOLATED: increase significant digits)
   n372                         0.00           0.00           0.00  (VIOLATED: increase significant digits)
   n395                         0.00           0.00           0.00  (VIOLATED: increase significant digits)
   sub_60_S2/n19                0.00           0.00           0.00  (VIOLATED: increase significant digits)
   sub_60_S2/n21                0.00           0.00           0.00  (VIOLATED: increase significant digits)
   sub_60_S2/n24                0.00           0.00           0.00  (VIOLATED: increase significant digits)
   sub_60_S2/n26                0.00           0.00           0.00  (VIOLATED: increase significant digits)
   sub_60_S2/n29                0.00           0.00           0.00  (VIOLATED: increase significant digits)
   sub_60_S2/n31                0.00           0.00           0.00  (VIOLATED: increase significant digits)
   sub_60_S2/n34                0.00           0.00           0.00  (VIOLATED: increase significant digits)
   sub_60_S2/n36                0.00           0.00           0.00  (VIOLATED: increase significant digits)
   sub_60_S2/n39                0.00           0.00           0.00  (VIOLATED: increase significant digits)
   sub_60_S2/n41                0.00           0.00           0.00  (VIOLATED: increase significant digits)
   sub_60_S2/n44                0.00           0.00           0.00  (VIOLATED: increase significant digits)
   sub_60_S2/n46                0.00           0.00           0.00  (VIOLATED: increase significant digits)
   sub_60_S2/n49                0.00           0.00           0.00  (VIOLATED: increase significant digits)
   sub_60_S2/n51                0.00           0.00           0.00  (VIOLATED: increase significant digits)
   sub_61/n19                   0.00           0.00           0.00  (VIOLATED: increase significant digits)
   sub_61/n21                   0.00           0.00           0.00  (VIOLATED: increase significant digits)
   sub_61/n24                   0.00           0.00           0.00  (VIOLATED: increase significant digits)
   sub_61/n26                   0.00           0.00           0.00  (VIOLATED: increase significant digits)
   sub_61/n29                   0.00           0.00           0.00  (VIOLATED: increase significant digits)
   sub_61/n31                   0.00           0.00           0.00  (VIOLATED: increase significant digits)
   sub_61/n34                   0.00           0.00           0.00  (VIOLATED: increase significant digits)
   sub_61/n36                   0.00           0.00           0.00  (VIOLATED: increase significant digits)
   sub_61/n39                   0.00           0.00           0.00  (VIOLATED: increase significant digits)
   sub_61/n41                   0.00           0.00           0.00  (VIOLATED: increase significant digits)
   sub_61/n44                   0.00           0.00           0.00  (VIOLATED: increase significant digits)
   sub_61/n46                   0.00           0.00           0.00  (VIOLATED: increase significant digits)
   sub_61/n49                   0.00           0.00           0.00  (VIOLATED: increase significant digits)
   sub_61/n51                   0.00           0.00           0.00  (VIOLATED: increase significant digits)
   sub_62_S2/n19                0.00           0.00           0.00  (VIOLATED: increase significant digits)
   sub_62_S2/n21                0.00           0.00           0.00  (VIOLATED: increase significant digits)
   sub_62_S2/n24                0.00           0.00           0.00  (VIOLATED: increase significant digits)
   sub_62_S2/n26                0.00           0.00           0.00  (VIOLATED: increase significant digits)
   sub_62_S2/n29                0.00           0.00           0.00  (VIOLATED: increase significant digits)
   sub_62_S2/n31                0.00           0.00           0.00  (VIOLATED: increase significant digits)
   sub_62_S2/n34                0.00           0.00           0.00  (VIOLATED: increase significant digits)
   sub_62_S2/n36                0.00           0.00           0.00  (VIOLATED: increase significant digits)
   sub_62_S2/n39                0.00           0.00           0.00  (VIOLATED: increase significant digits)
   sub_62_S2/n41                0.00           0.00           0.00  (VIOLATED: increase significant digits)
   sub_62_S2/n44                0.00           0.00           0.00  (VIOLATED: increase significant digits)
   sub_62_S2/n46                0.00           0.00           0.00  (VIOLATED: increase significant digits)
   sub_62_S2/n49                0.00           0.00           0.00  (VIOLATED: increase significant digits)
   sub_62_S2/n51                0.00           0.00           0.00  (VIOLATED: increase significant digits)
   sub_63/n19                   0.00           0.00           0.00  (VIOLATED: increase significant digits)
   sub_63/n21                   0.00           0.00           0.00  (VIOLATED: increase significant digits)
   sub_63/n24                   0.00           0.00           0.00  (VIOLATED: increase significant digits)
   sub_63/n26                   0.00           0.00           0.00  (VIOLATED: increase significant digits)
   sub_63/n29                   0.00           0.00           0.00  (VIOLATED: increase significant digits)
   sub_63/n31                   0.00           0.00           0.00  (VIOLATED: increase significant digits)
   sub_63/n34                   0.00           0.00           0.00  (VIOLATED: increase significant digits)
   sub_63/n36                   0.00           0.00           0.00  (VIOLATED: increase significant digits)
   sub_63/n39                   0.00           0.00           0.00  (VIOLATED: increase significant digits)
   sub_63/n41                   0.00           0.00           0.00  (VIOLATED: increase significant digits)
   sub_63/n44                   0.00           0.00           0.00  (VIOLATED: increase significant digits)
   sub_63/n46                   0.00           0.00           0.00  (VIOLATED: increase significant digits)
   sub_63/n49                   0.00           0.00           0.00  (VIOLATED: increase significant digits)
   sub_63/n51                   0.00           0.00           0.00  (VIOLATED: increase significant digits)
   g_mag[7]                     0.00           0.00           0.00  (VIOLATED: increase significant digits)
   g_mag[9]                     0.00           0.00           0.00  (VIOLATED: increase significant digits)
   n246                         0.00           0.00           0.00  (VIOLATED: increase significant digits)
   n250                         0.00           0.00           0.00  (VIOLATED: increase significant digits)
   n258                         0.00           0.00           0.00  (VIOLATED: increase significant digits)
   n262                         0.00           0.00           0.00  (VIOLATED: increase significant digits)
   n322                         0.00           0.00           0.00  (VIOLATED: increase significant digits)
   n365                         0.00           0.00           0.00  (VIOLATED: increase significant digits)
   sub_60_S2/n13                0.00           0.00           0.00  (VIOLATED: increase significant digits)
   sub_61/n13                   0.00           0.00           0.00  (VIOLATED: increase significant digits)
   sub_62_S2/n13                0.00           0.00           0.00  (VIOLATED: increase significant digits)
   sub_63/n13                   0.00           0.00           0.00  (VIOLATED: increase significant digits)
   n244                         0.00           0.00           0.00  (VIOLATED: increase significant digits)
   n256                         0.00           0.00           0.00  (VIOLATED: increase significant digits)
   gx_ex[0]                     0.00           0.00           0.00  (VIOLATED: increase significant digits)
   n179                         0.00           0.00           0.00  (VIOLATED: increase significant digits)
   n182                         0.00           0.00           0.00  (VIOLATED: increase significant digits)
   n248                         0.00           0.00           0.00  (VIOLATED: increase significant digits)
   n249                         0.00           0.00           0.00  (VIOLATED: increase significant digits)
   n252                         0.00           0.00           0.00  (VIOLATED: increase significant digits)
   n253                         0.00           0.00           0.00  (VIOLATED: increase significant digits)
   n260                         0.00           0.00           0.00  (VIOLATED: increase significant digits)
   n261                         0.00           0.00           0.00  (VIOLATED: increase significant digits)
   n264                         0.00           0.00           0.00  (VIOLATED: increase significant digits)
   n265                         0.00           0.00           0.00  (VIOLATED: increase significant digits)
   n315                         0.00           0.00           0.00  (VIOLATED: increase significant digits)
   n318                         0.00           0.00           0.00  (VIOLATED: increase significant digits)
   n323                         0.00           0.00           0.00  (VIOLATED: increase significant digits)
   n333                         0.00           0.00           0.00  (VIOLATED: increase significant digits)
   n336                         0.00           0.00           0.00  (VIOLATED: increase significant digits)
   n339                         0.00           0.00           0.00  (VIOLATED: increase significant digits)
   n358                         0.00           0.00           0.00  (VIOLATED: increase significant digits)
   n361                         0.00           0.00           0.00  (VIOLATED: increase significant digits)
   n366                         0.00           0.00           0.00  (VIOLATED: increase significant digits)
   n376                         0.00           0.00           0.00  (VIOLATED: increase significant digits)
   n379                         0.00           0.00           0.00  (VIOLATED: increase significant digits)
   n382                         0.00           0.00           0.00  (VIOLATED: increase significant digits)
   n411                         0.00           0.00           0.00  (VIOLATED: increase significant digits)
   add_65/n38                   0.00           0.00           0.00  (VIOLATED: increase significant digits)
   n195                         0.00           0.00           0.00  (VIOLATED: increase significant digits)
   n319                         0.00           0.00           0.00  (VIOLATED: increase significant digits)
   n334                         0.00           0.00           0.00  (VIOLATED: increase significant digits)
   n340                         0.00           0.00           0.00  (VIOLATED: increase significant digits)
   n362                         0.00           0.00           0.00  (VIOLATED: increase significant digits)
   n377                         0.00           0.00           0.00  (VIOLATED: increase significant digits)
   n383                         0.00           0.00           0.00  (VIOLATED: increase significant digits)
   n412                         0.00           0.00           0.00  (VIOLATED: increase significant digits)
   g_mag[8]                     0.00           0.00           0.00  (VIOLATED: increase significant digits)
   g_mag[10]                    0.00           0.00           0.00  (VIOLATED: increase significant digits)
   n247                         0.00           0.00           0.00  (VIOLATED: increase significant digits)
   n251                         0.00           0.00           0.00  (VIOLATED: increase significant digits)
   n259                         0.00           0.00           0.00  (VIOLATED: increase significant digits)
   n263                         0.00           0.00           0.00  (VIOLATED: increase significant digits)
   sub_60_S2/n14                0.00           0.00           0.00  (VIOLATED: increase significant digits)
   sub_60_S2/n16                0.00           0.00           0.00  (VIOLATED: increase significant digits)
   sub_61/n14                   0.00           0.00           0.00  (VIOLATED: increase significant digits)
   sub_61/n16                   0.00           0.00           0.00  (VIOLATED: increase significant digits)
   sub_62_S2/n14                0.00           0.00           0.00  (VIOLATED: increase significant digits)
   sub_62_S2/n16                0.00           0.00           0.00  (VIOLATED: increase significant digits)
   sub_63/n14                   0.00           0.00           0.00  (VIOLATED: increase significant digits)
   sub_63/n16                   0.00           0.00           0.00  (VIOLATED: increase significant digits)
   n245                         0.00           0.00           0.00  (VIOLATED: increase significant digits)
   n257                         0.00           0.00           0.00  (VIOLATED: increase significant digits)
   done                         0.00           0.00           0.00  (VIOLATED: increase significant digits)
   gy_ex[0]                     0.00           0.00           0.00  (VIOLATED: increase significant digits)
   n177                         0.00           0.00           0.00  (VIOLATED: increase significant digits)
   n181                         0.00           0.00           0.00  (VIOLATED: increase significant digits)
   n316                         0.00           0.00           0.00  (VIOLATED: increase significant digits)
   n320                         0.00           0.00           0.00  (VIOLATED: increase significant digits)
   n324                         0.00           0.00           0.00  (VIOLATED: increase significant digits)
   n335                         0.00           0.00           0.00  (VIOLATED: increase significant digits)
   n337                         0.00           0.00           0.00  (VIOLATED: increase significant digits)
   n341                         0.00           0.00           0.00  (VIOLATED: increase significant digits)
   n359                         0.00           0.00           0.00  (VIOLATED: increase significant digits)
   n363                         0.00           0.00           0.00  (VIOLATED: increase significant digits)
   n367                         0.00           0.00           0.00  (VIOLATED: increase significant digits)
   n378                         0.00           0.00           0.00  (VIOLATED: increase significant digits)
   n380                         0.00           0.00           0.00  (VIOLATED: increase significant digits)
   n384                         0.00           0.00           0.00  (VIOLATED: increase significant digits)
   n413                         0.00           0.00           0.00  (VIOLATED: increase significant digits)
   sub_60_S2/n17                0.00           0.00           0.00  (VIOLATED: increase significant digits)
   sub_61/n17                   0.00           0.00           0.00  (VIOLATED: increase significant digits)
   sub_62_S2/n17                0.00           0.00           0.00  (VIOLATED: increase significant digits)
   sub_63/n17                   0.00           0.00           0.00  (VIOLATED: increase significant digits)
   n397                         0.00           0.00           0.00  (VIOLATED: increase significant digits)
   add_0_root_add_0_root_add_190_2/n11     0.00     0.00      0.00  (VIOLATED: increase significant digits)
   add_0_root_add_0_root_add_190_2/n21     0.00     0.00      0.00  (VIOLATED: increase significant digits)
   add_0_root_add_0_root_add_190_2/n31     0.00     0.00      0.00  (VIOLATED: increase significant digits)
   add_0_root_add_0_root_add_200_2/n11     0.00     0.00      0.00  (VIOLATED: increase significant digits)
   add_0_root_add_0_root_add_200_2/n21     0.00     0.00      0.00  (VIOLATED: increase significant digits)
   add_0_root_add_0_root_add_200_2/n31     0.00     0.00      0.00  (VIOLATED: increase significant digits)
   add_0_root_add_0_root_add_210_2/n11     0.00     0.00      0.00  (VIOLATED: increase significant digits)
   add_0_root_add_0_root_add_210_2/n21     0.00     0.00      0.00  (VIOLATED: increase significant digits)
   add_0_root_add_0_root_add_210_2/n31     0.00     0.00      0.00  (VIOLATED: increase significant digits)
   add_0_root_add_0_root_add_223_2/n11     0.00     0.00      0.00  (VIOLATED: increase significant digits)
   add_0_root_add_0_root_add_223_2/n21     0.00     0.00      0.00  (VIOLATED: increase significant digits)
   add_0_root_add_0_root_add_223_2/n31     0.00     0.00      0.00  (VIOLATED: increase significant digits)
   add_1_root_add_0_root_add_190_2/n11     0.00     0.00      0.00  (VIOLATED: increase significant digits)
   add_1_root_add_0_root_add_190_2/n21     0.00     0.00      0.00  (VIOLATED: increase significant digits)
   add_1_root_add_0_root_add_190_2/n31     0.00     0.00      0.00  (VIOLATED: increase significant digits)
   add_1_root_add_0_root_add_200_2/n11     0.00     0.00      0.00  (VIOLATED: increase significant digits)
   add_1_root_add_0_root_add_200_2/n21     0.00     0.00      0.00  (VIOLATED: increase significant digits)
   add_1_root_add_0_root_add_200_2/n31     0.00     0.00      0.00  (VIOLATED: increase significant digits)
   add_1_root_add_0_root_add_210_2/n11     0.00     0.00      0.00  (VIOLATED: increase significant digits)
   add_1_root_add_0_root_add_210_2/n21     0.00     0.00      0.00  (VIOLATED: increase significant digits)
   add_1_root_add_0_root_add_210_2/n31     0.00     0.00      0.00  (VIOLATED: increase significant digits)
   add_1_root_add_0_root_add_223_2/n11     0.00     0.00      0.00  (VIOLATED: increase significant digits)
   add_1_root_add_0_root_add_223_2/n21     0.00     0.00      0.00  (VIOLATED: increase significant digits)
   add_1_root_add_0_root_add_223_2/n31     0.00     0.00      0.00  (VIOLATED: increase significant digits)
   sub_60_S2/n11                0.00           0.00           0.00  (VIOLATED: increase significant digits)
   sub_61/n11                   0.00           0.00           0.00  (VIOLATED: increase significant digits)
   sub_62_S2/n11                0.00           0.00           0.00  (VIOLATED: increase significant digits)
   sub_63/n11                   0.00           0.00           0.00  (VIOLATED: increase significant digits)

   -----------------------------------------------------------------
   Total                      657                -1.08  

   max_area

                             Required        Actual
   Design                      Area           Area           Slack
   -----------------------------------------------------------------
   sobel                        0.00       18036.34       -18036.34 (VIOLATED)


1
